Archive member included to satisfy reference by file (symbol)

C:/nxp/MCUXpressoIDE_24.9.25/ide/plugins/com.nxp.mcuxpresso.tools.win32_24.9.0.202407110857/tools/bin/../lib/gcc/arm-none-eabi/13.2.1/../../../../arm-none-eabi/lib/thumb/v6-m/nofp\libcr_nohost_nf.a(_cr__main.o)
                              ./startup/startup_mkl28z7.o (__main)
C:/nxp/MCUXpressoIDE_24.9.25/ide/plugins/com.nxp.mcuxpresso.tools.win32_24.9.0.202407110857/tools/bin/../lib/gcc/arm-none-eabi/13.2.1/../../../../arm-none-eabi/lib/thumb/v6-m/nofp\libcr_nohost_nf.a(_cr_assert.o)
                              ./utilities/fsl_debug_console.o (__assertion_failed)
C:/nxp/MCUXpressoIDE_24.9.25/ide/plugins/com.nxp.mcuxpresso.tools.win32_24.9.0.202407110857/tools/bin/../lib/gcc/arm-none-eabi/13.2.1/../../../../arm-none-eabi/lib/thumb/v6-m/nofp\libcr_nohost_nf.a(__ciob.o)
                              C:/nxp/MCUXpressoIDE_24.9.25/ide/plugins/com.nxp.mcuxpresso.tools.win32_24.9.0.202407110857/tools/bin/../lib/gcc/arm-none-eabi/13.2.1/../../../../arm-none-eabi/lib/thumb/v6-m/nofp\libcr_nohost_nf.a(_cr_assert.o) (__Ciob)
C:/nxp/MCUXpressoIDE_24.9.25/ide/plugins/com.nxp.mcuxpresso.tools.win32_24.9.0.202407110857/tools/bin/../lib/gcc/arm-none-eabi/13.2.1/../../../../arm-none-eabi/lib/thumb/v6-m/nofp\libcr_nohost_nf.a(__sys_appexit.o)
                              C:/nxp/MCUXpressoIDE_24.9.25/ide/plugins/com.nxp.mcuxpresso.tools.win32_24.9.0.202407110857/tools/bin/../lib/gcc/arm-none-eabi/13.2.1/../../../../arm-none-eabi/lib/thumb/v6-m/nofp\libcr_nohost_nf.a(_cr_assert.o) (__sys_appexit)
C:/nxp/MCUXpressoIDE_24.9.25/ide/plugins/com.nxp.mcuxpresso.tools.win32_24.9.0.202407110857/tools/bin/../lib/gcc/arm-none-eabi/13.2.1/../../../../arm-none-eabi/lib/thumb/v6-m/nofp\libcr_c.a(memcpy.o)
                              ./source/bmp280.o (memcpy)
C:/nxp/MCUXpressoIDE_24.9.25/ide/plugins/com.nxp.mcuxpresso.tools.win32_24.9.0.202407110857/tools/bin/../lib/gcc/arm-none-eabi/13.2.1/../../../../arm-none-eabi/lib/thumb/v6-m/nofp\libcr_c.a(memset.o)
                              ./utilities/fsl_debug_console.o (memset)
C:/nxp/MCUXpressoIDE_24.9.25/ide/plugins/com.nxp.mcuxpresso.tools.win32_24.9.0.202407110857/tools/bin/../lib/gcc/arm-none-eabi/13.2.1/../../../../arm-none-eabi/lib/thumb/v6-m/nofp\libcr_c.a(_deferredlazyseek.o)
                              C:/nxp/MCUXpressoIDE_24.9.25/ide/plugins/com.nxp.mcuxpresso.tools.win32_24.9.0.202407110857/tools/bin/../lib/gcc/arm-none-eabi/13.2.1/../../../../arm-none-eabi/lib/thumb/v6-m/nofp\libcr_nohost_nf.a(_cr_assert.o) (__flsbuf)
C:/nxp/MCUXpressoIDE_24.9.25/ide/plugins/com.nxp.mcuxpresso.tools.win32_24.9.0.202407110857/tools/bin/../lib/gcc/arm-none-eabi/13.2.1/../../../../arm-none-eabi/lib/thumb/v6-m/nofp\libcr_c.a(_fflush.o)
                              C:/nxp/MCUXpressoIDE_24.9.25/ide/plugins/com.nxp.mcuxpresso.tools.win32_24.9.0.202407110857/tools/bin/../lib/gcc/arm-none-eabi/13.2.1/../../../../arm-none-eabi/lib/thumb/v6-m/nofp\libcr_c.a(_deferredlazyseek.o) (_fflush)
C:/nxp/MCUXpressoIDE_24.9.25/ide/plugins/com.nxp.mcuxpresso.tools.win32_24.9.0.202407110857/tools/bin/../lib/gcc/arm-none-eabi/13.2.1/../../../../arm-none-eabi/lib/thumb/v6-m/nofp\libcr_c.a(_writebuf.o)
                              C:/nxp/MCUXpressoIDE_24.9.25/ide/plugins/com.nxp.mcuxpresso.tools.win32_24.9.0.202407110857/tools/bin/../lib/gcc/arm-none-eabi/13.2.1/../../../../arm-none-eabi/lib/thumb/v6-m/nofp\libcr_c.a(_deferredlazyseek.o) (_Cwritebuf)
C:/nxp/MCUXpressoIDE_24.9.25/ide/plugins/com.nxp.mcuxpresso.tools.win32_24.9.0.202407110857/tools/bin/../lib/gcc/arm-none-eabi/13.2.1/../../../../arm-none-eabi/lib/thumb/v6-m/nofp\libcr_c.a(alloc.o)
                              ./drivers/fsl_common.o (malloc)
C:/nxp/MCUXpressoIDE_24.9.25/ide/plugins/com.nxp.mcuxpresso.tools.win32_24.9.0.202407110857/tools/bin/../lib/gcc/arm-none-eabi/13.2.1/../../../../arm-none-eabi/lib/thumb/v6-m/nofp\libcr_c.a(fputs.o)
                              C:/nxp/MCUXpressoIDE_24.9.25/ide/plugins/com.nxp.mcuxpresso.tools.win32_24.9.0.202407110857/tools/bin/../lib/gcc/arm-none-eabi/13.2.1/../../../../arm-none-eabi/lib/thumb/v6-m/nofp\libcr_nohost_nf.a(_cr_assert.o) (fputs)
C:/nxp/MCUXpressoIDE_24.9.25/ide/plugins/com.nxp.mcuxpresso.tools.win32_24.9.0.202407110857/tools/bin/../lib/gcc/arm-none-eabi/13.2.1/../../../../arm-none-eabi/lib/thumb/v6-m/nofp\libcr_c.a(fseek.o)
                              C:/nxp/MCUXpressoIDE_24.9.25/ide/plugins/com.nxp.mcuxpresso.tools.win32_24.9.0.202407110857/tools/bin/../lib/gcc/arm-none-eabi/13.2.1/../../../../arm-none-eabi/lib/thumb/v6-m/nofp\libcr_c.a(_deferredlazyseek.o) (fseek)
C:/nxp/MCUXpressoIDE_24.9.25/ide/plugins/com.nxp.mcuxpresso.tools.win32_24.9.0.202407110857/tools/bin/../lib/gcc/arm-none-eabi/13.2.1/../../../../arm-none-eabi/lib/thumb/v6-m/nofp\libcr_c.a(ftell.o)
[...]
Memory Configuration

Name             Origin             Length             Attributes
PROGRAM_FLASH    0x00000000         0x00080000         xr
SRAM             0x1fff8000         0x00020000         xrw
USB_RAM          0x40100000         0x00000800         xrw
*default*        0x00000000         0xffffffff

Linker script and memory map

LOAD ./utilities/fsl_debug_console.o
LOAD ./utilities/fsl_str.o
LOAD ./startup/startup_mkl28z7.o
LOAD ./source/delay/delay.o
LOAD ./source/MKL28Z7_Project.o
LOAD ./source/ModuleDEL.o
LOAD ./source/ModuleLCD.o
LOAD ./source/ModuleTemperature.o
LOAD ./source/ModuleVentilateur.o
LOAD ./source/bmp280.o
LOAD ./source/mtb.o
LOAD ./source/semihost_hardfault.o
LOAD ./drivers/fsl_clock.o
LOAD ./drivers/fsl_common.o
LOAD ./drivers/fsl_ftfx_cache.o
LOAD ./drivers/fsl_ftfx_controller.o
LOAD ./drivers/fsl_ftfx_flash.o
LOAD ./drivers/fsl_ftfx_flexnvm.o
LOAD ./drivers/fsl_gpio.o
LOAD ./drivers/fsl_lpi2c.o
LOAD ./drivers/fsl_lpuart.o
LOAD ./drivers/fsl_rtc.o
LOAD ./drivers/fsl_smc.o
LOAD ./device/system_MKL28Z7.o
LOAD ./component/uart/lpuart_adapter.o
LOAD ./component/serial_manager/serial_manager.o
LOAD ./component/serial_manager/serial_port_uart.o
LOAD ./board/board.o
LOAD ./board/clock_config.o
LOAD ./board/peripherals.o
LOAD ./board/pin_mux.o
START GROUP
LOAD C:/nxp/MCUXpressoIDE_24.9.25/ide/plugins/com.nxp.mcuxpresso.tools.win32_24.9.0.202407110857/tools/bin/../lib/gcc/arm-none-eabi/13.2.1/../../../../arm-none-eabi/lib/thumb/v6-m/nofp\libcr_nohost_nf.a
LOAD C:/nxp/MCUXpressoIDE_24.9.25/ide/plugins/com.nxp.mcuxpresso.tools.win32_24.9.0.202407110857/tools/bin/../lib/gcc/arm-none-eabi/13.2.1/../../../../arm-none-eabi/lib/thumb/v6-m/nofp\libcr_c.a
LOAD C:/nxp/MCUXpressoIDE_24.9.25/ide/plugins/com.nxp.mcuxpresso.tools.win32_24.9.0.202407110857/tools/bin/../lib/gcc/arm-none-eabi/13.2.1/thumb/v6-m/nofp\libcr_eabihelpers.a
LOAD C:/nxp/MCUXpressoIDE_24.9.25/ide/plugins/com.nxp.mcuxpresso.tools.win32_24.9.0.202407110857/tools/bin/../lib/gcc/arm-none-eabi/13.2.1/thumb/v6-m/nofp\libgcc.a
END GROUP
                0x00000000                        __base_PROGRAM_FLASH = 0x0
                0x00000000                        __base_Flash = 0x0
                0x00080000                        __top_PROGRAM_FLASH = 0x80000
                0x00080000                        __top_Flash = 0x80000
                0x1fff8000                        __base_SRAM = 0x1fff8000
                0x1fff8000                        __base_RAM = 0x1fff8000
                0x20018000                        __top_SRAM = 0x20018000
                0x20018000                        __top_RAM = 0x20018000
                0x40100000                        __base_USB_RAM = 0x40100000
                0x40100000                        __base_RAM2 = 0x40100000
                0x40100800                        __top_USB_RAM = 0x40100800
                0x40100800                        __top_RAM2 = 0x40100800

.text           0x00000000     0x78c8
 FILL mask 0xff
                0x00000000                        __vectors_start__ = ABSOLUTE (.)
 *(SORT_BY_ALIGNMENT(.isr_vector))
 .isr_vector    0x00000000      0x10c ./startup/startup_mkl28z7.o
                0x00000000                g_pfnVectors
                0x00000000                __Vectors
                0x0000010c                        . = ALIGN (0x4)
                0x0000010c                        __section_table_start = .
                0x0000010c                        __data_section_table = .
                0x0000010c        0x4 LONG 0x78c8 LOADADDR (.data)
                0x00000110        0x4 LONG 0x1fff8080 ADDR (.data)
                0x00000114        0x4 LONG 0x8 SIZEOF (.data)
                0x00000118        0x4 LONG 0x78c8 LOADADDR (.data_RAM2)
                0x0000011c        0x4 LONG 0x40100000 ADDR (.data_RAM2)
                0x00000120        0x4 LONG 0x0 SIZEOF (.data_RAM2)
                0x00000124                        __data_section_table_end = .
                0x00000124                        __bss_section_table = .
                0x00000124        0x4 LONG 0x1fff8088 ADDR (.bss)
                0x00000128        0x4 LONG 0x150 SIZEOF (.bss)
                0x0000012c        0x4 LONG 0x40100000 ADDR (.bss_RAM2)
                0x00000130        0x4 LONG 0x0 SIZEOF (.bss_RAM2)
                0x00000134                        __bss_section_table_end = .
                0x00000134                        __section_table_end = .
 *(SORT_BY_ALIGNMENT(.after_vectors*))
 .after_vectors.reset
                0x00000134       0x4c ./startup/startup_mkl28z7.o
                0x00000134                ResetISR
 .after_vectors.init_data
                0x00000180       0x12 ./startup/startup_mkl28z7.o
                0x00000180                data_init
 .after_vectors.init_bss
                0x00000192       0x10 ./startup/startup_mkl28z7.o
                0x00000192                bss_init
 .after_vectors
                0x000001a2      0x1a4 ./startup/startup_mkl28z7.o
                0x000001a2                NMI_Handler
                0x000001a6                SVC_Handler
                0x000001a8                PendSV_Handler
                0x000001ac                DMA0_37_DriverIRQHandler
                0x000001ac                LPSPI2_DriverIRQHandler
                0x000001ac                DMA0_15_DriverIRQHandler
                0x000001ac                EMVSIM0_DriverIRQHandler
                0x000001ac                Reserved50_DriverIRQHandler
                0x000001ac                PORTB_DriverIRQHandler
                0x000001ac                INTMUX0_3_DriverIRQHandler
                0x000001ac                SCG_DriverIRQHandler
                0x000001ac                LPTMR0_DriverIRQHandler
                0x000001ac                PORTE_DriverIRQHandler
                0x000001ac                DMA0_26_DriverIRQHandler
                0x000001ac                RCM_DriverIRQHandler
                0x000001ac                I2S0_DriverIRQHandler
                0x000001ac                PORTD_DriverIRQHandler
                0x000001ac                TPM2_DriverIRQHandler
                0x000001ac                INTMUX0_2_DriverIRQHandler
                0x000001ac                CTI0_DMA0_Error_DriverIRQHandler
                0x000001ac                CMP0_DriverIRQHandler
                0x000001ac                LLWU0_DriverIRQHandler
                0x000001ac                WDOG0_DriverIRQHandler
                0x000001ac                TSI0_DriverIRQHandler
                0x000001ac                ADC0_DriverIRQHandler
                0x000001ac                RTC_Seconds_DriverIRQHandler
                0x000001ac                LPIT0_DriverIRQHandler
                0x000001ac                LPSPI1_DriverIRQHandler
                0x000001ac                TRNG_DriverIRQHandler
                0x000001ac                INTMUX0_1_DriverIRQHandler
                0x000001ac                LPTMR1_DriverIRQHandler
                0x000001ac                FLEXIO0_DriverIRQHandler
                0x000001ac                Reserved49_DriverIRQHandler
                0x000001ac                CMP1_DriverIRQHandler
                0x000001ac                PMC_DriverIRQHandler
                0x000001ac                Reserved51_DriverIRQHandler
                0x000001ac                FTFA_DriverIRQHandler
                0x000001ac                IntDefaultHandler
                0x000001ac                USB0_DriverIRQHandler
                0x000001ac                PORTC_DriverIRQHandler
                0x000001ac                DMA0_04_DriverIRQHandler
                0x000001ac                RTC_DriverIRQHandler
                0x000001ac                LPSPI0_DriverIRQHandler
                0x000001ac                DAC0_DriverIRQHandler
                0x000001ac                TPM1_DriverIRQHandler
                0x000001ac                INTMUX0_0_DriverIRQHandler
                0x000001ac                PORTA_DriverIRQHandler
                0x000001ac                TPM0_DriverIRQHandler
                0x000001ac                Reserved32_DriverIRQHandler
                0x000001ae                DMA0_04_IRQHandler
                0x000001b6                DMA0_15_IRQHandler
                0x000001be                DMA0_26_IRQHandler
                0x000001c6                DMA0_37_IRQHandler
                0x000001ce                CTI0_DMA0_Error_IRQHandler
                0x000001d6                FLEXIO0_IRQHandler
                0x000001de                TPM0_IRQHandler
                0x000001e6                TPM1_IRQHandler
                0x000001ee                TPM2_IRQHandler
                0x000001f6                LPIT0_IRQHandler
                0x000001fe                LPSPI0_IRQHandler
                0x00000206                LPSPI1_IRQHandler
                0x0000020e                LPUART0_IRQHandler
                0x00000216                LPUART1_IRQHandler
                0x0000021e                LPI2C0_IRQHandler
                0x00000226                LPI2C1_IRQHandler
                0x0000022e                Reserved32_IRQHandler
                0x00000236                PORTA_IRQHandler
                0x0000023e                PORTB_IRQHandler
                0x00000246                PORTC_IRQHandler
                0x0000024e                PORTD_IRQHandler
                0x00000256                PORTE_IRQHandler
                0x0000025e                LLWU0_IRQHandler
                0x00000266                I2S0_IRQHandler
                0x0000026e                USB0_IRQHandler
                0x00000276                ADC0_IRQHandler
                0x0000027e                LPTMR0_IRQHandler
                0x00000286                RTC_Seconds_IRQHandler
                0x0000028e                INTMUX0_0_IRQHandler
                0x00000296                INTMUX0_1_IRQHandler
                0x0000029e                INTMUX0_2_IRQHandler
                0x000002a6                INTMUX0_3_IRQHandler
                0x000002ae                LPTMR1_IRQHandler
                0x000002b6                Reserved49_IRQHandler
                0x000002be                Reserved50_IRQHandler
                0x000002c6                Reserved51_IRQHandler
                0x000002ce                LPSPI2_IRQHandler
                0x000002d6                LPUART2_IRQHandler
                0x000002de                EMVSIM0_IRQHandler
                0x000002e6                LPI2C2_IRQHandler
                0x000002ee                TSI0_IRQHandler
                0x000002f6                PMC_IRQHandler
                0x000002fe                FTFA_IRQHandler
                0x00000306                SCG_IRQHandler
                0x0000030e                WDOG0_IRQHandler
                0x00000316                DAC0_IRQHandler
                0x0000031e                TRNG_IRQHandler
                0x00000326                RCM_IRQHandler
                0x0000032e                CMP0_IRQHandler
                0x00000336                CMP1_IRQHandler
                0x0000033e                RTC_IRQHandler
                0x00000400                        . = 0x400
 *fill*         0x00000346       0xba ff
                0x00000400                        PROVIDE (__FLASH_CONFIG_START__ = .)
 *(SORT_BY_ALIGNMENT(.FlashConfig))
 .FlashConfig   0x00000400       0x10 ./startup/startup_mkl28z7.o
                0x00000400                Flash_Config
                0x00000410                        PROVIDE (__FLASH_CONFIG_END__ = .)
                0x00000001                        ASSERT (! ((__FLASH_CONFIG_START__ == __FLASH_CONFIG_END__)), Linker Flash Config Support Enabled, but no .FlashConfig section provided within application)
 *(SORT_BY_ALIGNMENT(.text*))
 .text.DbgConsole_SendData
                0x00000410       0x60 ./utilities/fsl_debug_console.o
                0x00000410                DbgConsole_SendData
 .text.DbgConsole_Init
                0x00000470      0x12c ./utilities/fsl_debug_console.o
                0x00000470                DbgConsole_Init
 .text.DbgConsole_Printf
                0x0000059c       0x84 ./utilities/fsl_debug_console.o
                0x0000059c                DbgConsole_Printf
 .text.ConvertFloatRadixNumToString
                0x00000620      0x28c ./utilities/fsl_str.o
 .text.delayMicroseconds
                0x000008ac       0x28 ./source/delay/delay.o
                0x000008ac                delayMicroseconds
 .text.delay_ms
                0x000008d4       0x28 ./source/delay/delay.o
                0x000008d4                delay_ms
 .text.__NVIC_SetPriority
                0x000008fc       0xdc ./source/MKL28Z7_Project.o
 .text.SysTick_Config
                0x000009d8       0x48 ./source/MKL28Z7_Project.o
 .text.SysTick_Handler
                0x00000a20       0x20 ./source/MKL28Z7_Project.o
                0x00000a20                SysTick_Handler
 .text.main     0x00000a40      0x154 ./source/MKL28Z7_Project.o
                0x00000a40                main
 .text.CLOCK_EnableClock
                0x00000b94       0x34 ./source/ModuleDEL.o
 .text.PORT_SetPinMux
                0x00000bc8       0x40 ./source/ModuleDEL.o
 .text.initDEL  0x00000c08       0x8c ./source/ModuleDEL.o
                0x00000c08                initDEL
 .text.allumerDELrouge
                0x00000c94       0x1c ./source/ModuleDEL.o
                0x00000c94                allumerDELrouge
 .text.allumerDELverte
                0x00000cb0       0x1c ./source/ModuleDEL.o
                0x00000cb0                allumerDELverte
 .text.allumerDELbleue
                0x00000ccc       0x1c ./source/ModuleDEL.o
                0x00000ccc                allumerDELbleue
 .text.eteindreDELrouge
                0x00000ce8       0x1c ./source/ModuleDEL.o
                0x00000ce8                eteindreDELrouge
 .text.eteindreDELverte
                0x00000d04       0x1c ./source/ModuleDEL.o
                0x00000d04                eteindreDELverte
 .text.eteindreDELbleue
                0x00000d20       0x1c ./source/ModuleDEL.o
                0x00000d20                eteindreDELbleue
 .text.CLOCK_EnableClock
                0x00000d3c       0x34 ./source/ModuleLCD.o
 .text.PORT_SetPinMux
                0x00000d70       0x40 ./source/ModuleLCD.o
 .text.initLPI2C0
                0x00000db0       0x70 ./source/ModuleLCD.o
                0x00000db0                initLPI2C0
 .text.initLCD  0x00000e20       0xcc ./source/ModuleLCD.o
                0x00000e20                initLCD
 .text.ecrireTemp
                0x00000eec      0x10c ./source/ModuleLCD.o
                0x00000eec                ecrireTemp
 .text.display  0x00000ff8       0x2c ./source/ModuleLCD.o
                0x00000ff8                display
 .text.backlight
                0x00001024       0x1c ./source/ModuleLCD.o
                0x00001024                backlight
 .text.expanderWrite
                0x00001040       0xa8 ./source/ModuleLCD.o
                0x00001040                expanderWrite
 .text.CLOCK_EnableClock
                0x000010e8       0x34 ./source/ModuleTemperature.o
 .text.PORT_SetPinMux
                0x0000111c       0x40 ./source/ModuleTemperature.o
 .text.initLPI2C1
                0x0000115c       0x70 ./source/ModuleTemperature.o
                0x0000115c                initLPI2C1
 .text.initBMP  0x000011cc       0xec ./source/ModuleTemperature.o
                0x000011cc                initBMP
 .text.getTemp  0x000012b8       0x54 ./source/ModuleTemperature.o
                0x000012b8                getTemp
 .text.i2c_reg_write
                0x0000130c       0xe0 ./source/ModuleTemperature.o
                0x0000130c                i2c_reg_write
 .text.i2c_reg_read
                0x000013ec       0xe0 ./source/ModuleTemperature.o
                0x000013ec                i2c_reg_read
 .text.print_rslt
                0x000014cc       0xc4 ./source/ModuleTemperature.o
                0x000014cc                print_rslt
 .text.CLOCK_EnableClock
                0x00001590       0x34 ./source/ModuleVentilateur.o
 .text.PORT_SetPinMux
                0x000015c4       0x40 ./source/ModuleVentilateur.o
 .text.initVentilateur
                0x00001604       0x44 ./source/ModuleVentilateur.o
                0x00001604                initVentilateur
 .text.allumerVentilateur
                0x00001648       0x1c ./source/ModuleVentilateur.o
                0x00001648                allumerVentilateur
 .text.eteindreVentilateur
                0x00001664       0x1c ./source/ModuleVentilateur.o
                0x00001664                eteindreVentilateur
 .text.bmp280_get_comp_temp_double
                0x00001680      0x1b4 ./source/bmp280.o
                0x00001680                bmp280_get_comp_temp_double
 .text.conf_sensor
                0x00001834      0x1c8 ./source/bmp280.o
 .text.st_check_boundaries
                0x000019fc       0x84 ./source/bmp280.o
 .text.HardFault_Handler
                0x00001a80       0x38 ./source/semihost_hardfault.o
                0x00001a80                HardFault_Handler
 .text.CLOCK_GetCurSysClkConfig
                0x00001ab8       0x30 ./drivers/fsl_clock.o
 .text.CLOCK_GetErClkFreq
                0x00001ae8       0x3c ./drivers/fsl_clock.o
                0x00001ae8                CLOCK_GetErClkFreq
 .text.CLOCK_GetFreq
                0x00001b24      0x130 ./drivers/fsl_clock.o
                0x00001b24                CLOCK_GetFreq
 .text.CLOCK_GetIpFreq
                0x00001c54       0xe0 ./drivers/fsl_clock.o
                0x00001c54                CLOCK_GetIpFreq
 .text.CLOCK_InitSysOsc
                0x00001d34      0x154 ./drivers/fsl_clock.o
                0x00001d34                CLOCK_InitSysOsc
 .text.CLOCK_DeinitSysOsc
                0x00001e88       0x4c ./drivers/fsl_clock.o
                0x00001e88                CLOCK_DeinitSysOsc
 .text.CLOCK_GetSysOscFreq
                0x00001ed4       0x40 ./drivers/fsl_clock.o
                0x00001ed4                CLOCK_GetSysOscFreq
 .text.CLOCK_GetSysOscAsyncFreq
                0x00001f14       0x88 ./drivers/fsl_clock.o
                0x00001f14                CLOCK_GetSysOscAsyncFreq
 .text.CLOCK_InitSirc
                0x00001f9c       0x9c ./drivers/fsl_clock.o
                0x00001f9c                CLOCK_InitSirc
 .text.CLOCK_DeinitSirc
                0x00002038       0x48 ./drivers/fsl_clock.o
                0x00002038                CLOCK_DeinitSirc
 .text.CLOCK_GetSircFreq
                0x00002080       0x38 ./drivers/fsl_clock.o
                0x00002080                CLOCK_GetSircFreq
 .text.CLOCK_GetSircAsyncFreq
                0x000020b8       0x88 ./drivers/fsl_clock.o
                0x000020b8                CLOCK_GetSircAsyncFreq
 .text.CLOCK_InitFirc
                0x00002140      0x128 ./drivers/fsl_clock.o
                0x00002140                CLOCK_InitFirc
 .text.CLOCK_DeinitFirc
                0x00002268       0x4c ./drivers/fsl_clock.o
                0x00002268                CLOCK_DeinitFirc
 .text.CLOCK_GetFircFreq
                0x000022b4       0x38 ./drivers/fsl_clock.o
                0x000022b4                CLOCK_GetFircFreq
 .text.CLOCK_GetFircAsyncFreq
                0x000022ec       0x88 ./drivers/fsl_clock.o
                0x000022ec                CLOCK_GetFircAsyncFreq
 .text.CLOCK_InitSysPll
                0x00002374       0xd4 ./drivers/fsl_clock.o
                0x00002374                CLOCK_InitSysPll
 .text.CLOCK_DeinitSysPll
                0x00002448       0x4c ./drivers/fsl_clock.o
                0x00002448                CLOCK_DeinitSysPll
 .text.CLOCK_GetSysPllCommonFreq
                0x00002494       0x74 ./drivers/fsl_clock.o
 .text.CLOCK_GetSysPllFreq
                0x00002508       0x34 ./drivers/fsl_clock.o
                0x00002508                CLOCK_GetSysPllFreq
 .text.CLOCK_GetSysPllAsyncFreq
                0x0000253c       0x88 ./drivers/fsl_clock.o
                0x0000253c                CLOCK_GetSysPllAsyncFreq
 .text.CLOCK_EnableClock
                0x000025c4       0x34 ./drivers/fsl_lpi2c.o
 .text.LPI2C_GetInstance
                0x000025f8       0x44 ./drivers/fsl_lpi2c.o
                0x000025f8                LPI2C_GetInstance
 .text.LPI2C_GetCyclesForWidth
                0x0000263c       0xa4 ./drivers/fsl_lpi2c.o
 .text.LPI2C_MasterCheckAndClearError
                0x000026e0       0xa0 ./drivers/fsl_lpi2c.o
                0x000026e0                LPI2C_MasterCheckAndClearError
 .text.LPI2C_MasterGetDefaultConfig
                0x00002780       0x70 ./drivers/fsl_lpi2c.o
                0x00002780                LPI2C_MasterGetDefaultConfig
 .text.LPI2C_MasterInit
                0x000027f0      0x1ec ./drivers/fsl_lpi2c.o
                0x000027f0                LPI2C_MasterInit
 .text.LPI2C_MasterSetBaudRate
                0x000029dc      0x1a0 ./drivers/fsl_lpi2c.o
                0x000029dc                LPI2C_MasterSetBaudRate
 .text.LPI2C_MasterStart
                0x00002b7c       0x84 ./drivers/fsl_lpi2c.o
                0x00002b7c                LPI2C_MasterStart
 .text.LPI2C_MasterReceive
                0x00002c00       0xa8 ./drivers/fsl_lpi2c.o
                0x00002c00                LPI2C_MasterReceive
 .text.LPI2C_MasterSend
                0x00002ca8       0x5c ./drivers/fsl_lpi2c.o
                0x00002ca8                LPI2C_MasterSend
 .text.LPI2C_MasterTransferBlocking
                0x00002d04      0x1dc ./drivers/fsl_lpi2c.o
                0x00002d04                LPI2C_MasterTransferBlocking
 .text.LPI2C_CommonIRQHandler
                0x00002ee0       0x70 ./drivers/fsl_lpi2c.o
 .text.LPI2C0_DriverIRQHandler
                0x00002f50       0x18 ./drivers/fsl_lpi2c.o
                0x00002f50                LPI2C0_DriverIRQHandler
 .text.LPI2C1_DriverIRQHandler
                0x00002f68       0x18 ./drivers/fsl_lpi2c.o
                0x00002f68                LPI2C1_DriverIRQHandler
 .text.LPI2C2_DriverIRQHandler
                0x00002f80       0x18 ./drivers/fsl_lpi2c.o
                0x00002f80                LPI2C2_DriverIRQHandler
 .text.CLOCK_EnableClock
                0x00002f98       0x34 ./drivers/fsl_lpuart.o
 .text.LPUART_GetInstance
                0x00002fcc       0x4c ./drivers/fsl_lpuart.o
                0x00002fcc                LPUART_GetInstance
 .text.LPUART_Init
                0x00003018      0x33c ./drivers/fsl_lpuart.o
                0x00003018                LPUART_Init
 .text.LPUART_GetDefaultConfig
                0x00003354       0x8c ./drivers/fsl_lpuart.o
                0x00003354                LPUART_GetDefaultConfig
 .text.LPUART_WriteBlocking
                0x000033e0       0x50 ./drivers/fsl_lpuart.o
                0x000033e0                LPUART_WriteBlocking
 .text.LPUART0_DriverIRQHandler
                0x00003430       0x24 ./drivers/fsl_lpuart.o
                0x00003430                LPUART0_DriverIRQHandler
 .text.LPUART1_DriverIRQHandler
                0x00003454       0x24 ./drivers/fsl_lpuart.o
                0x00003454                LPUART1_DriverIRQHandler
 .text.LPUART2_DriverIRQHandler
                0x00003478       0x24 ./drivers/fsl_lpuart.o
                0x00003478                LPUART2_DriverIRQHandler
 .text.SystemInit
                0x0000349c       0x38 ./device/system_MKL28Z7.o
                0x0000349c                SystemInit
 .text.HAL_UartGetStatus
                0x000034d4       0x20 ./component/uart/lpuart_adapter.o
 .text.HAL_UartInit
                0x000034f4      0x11c ./component/uart/lpuart_adapter.o
                0x000034f4                HAL_UartInit
 .text.HAL_UartSendBlocking
                0x00003610       0x6c ./component/uart/lpuart_adapter.o
                0x00003610                HAL_UartSendBlocking
 .text.SerialManager_StartWriting
                0x0000367c       0x50 ./component/serial_manager/serial_manager.o
 .text.SerialManager_Write
                0x000036cc       0x74 ./component/serial_manager/serial_manager.o
 .text.SerialManager_Init
                0x00003740       0x88 ./component/serial_manager/serial_manager.o
                0x00003740                SerialManager_Init
 .text.SerialManager_OpenWriteHandle
                0x000037c8       0x5c ./component/serial_manager/serial_manager.o
                0x000037c8                SerialManager_OpenWriteHandle
 .text.SerialManager_OpenReadHandle
                0x00003824       0x68 ./component/serial_manager/serial_manager.o
                0x00003824                SerialManager_OpenReadHandle
 .text.Serial_UartInit
                0x0000388c       0x94 ./component/serial_manager/serial_port_uart.o
                0x0000388c                Serial_UartInit
 .text.Serial_UartWrite
                0x00003920       0x5c ./component/serial_manager/serial_port_uart.o
                0x00003920                Serial_UartWrite
 .text.CLOCK_SetIpSrc
                0x0000397c       0x74 ./board/board.o
 .text.BOARD_InitDebugConsole
                0x000039f0       0x38 ./board/board.o
                0x000039f0                BOARD_InitDebugConsole
 .text.CLOCK_SetIpSrc
                0x00003a28       0x74 ./board/clock_config.o
 .text.CLOCK_SetRunModeSysClkConfig
                0x00003a9c       0x30 ./board/clock_config.o
 .text.CLOCK_SetHsrunModeSysClkConfig
                0x00003acc       0x30 ./board/clock_config.o
 .text.CLOCK_GetCurSysClkConfig
                0x00003afc       0x30 ./board/clock_config.o
 .text.CLOCK_SetXtal0Freq
                0x00003b2c       0x1c ./board/clock_config.o
 .text.CLOCK_CONFIG_SetScgOutSel
                0x00003b48       0x28 ./board/clock_config.o
 .text.BOARD_BootClockHSRUN
                0x00003b70       0xc4 ./board/clock_config.o
                0x00003b70                BOARD_BootClockHSRUN
 .text.CLOCK_EnableClock
                0x00003c34       0x34 ./board/pin_mux.o
 .text.PORT_SetPinConfig
                0x00003c68       0x38 ./board/pin_mux.o
 .text.PORT_SetPinMux
                0x00003ca0       0x40 ./board/pin_mux.o
 .text.BOARD_InitPins
                0x00003ce0       0x34 ./board/pin_mux.o
                0x00003ce0                BOARD_InitPins
 .text.BOARD_InitDEBUG_UARTPins
                0x00003d14       0x64 ./board/pin_mux.o
                0x00003d14                BOARD_InitDEBUG_UARTPins
 .text.__assertion_failed
                0x00003d78       0x50 C:/nxp/MCUXpressoIDE_24.9.25/ide/plugins/com.nxp.mcuxpresso.tools.win32_24.9.0.202407110857/tools/bin/../lib/gcc/arm-none-eabi/13.2.1/../../../../arm-none-eabi/lib/thumb/v6-m/nofp\libcr_nohost_nf.a(_cr_assert.o)
                0x00003d78                __assertion_failed
 .text._deferredlazyseek
                0x00003dc8       0x40 C:/nxp/MCUXpressoIDE_24.9.25/ide/plugins/com.nxp.mcuxpresso.tools.win32_24.9.0.202407110857/tools/bin/../lib/gcc/arm-none-eabi/13.2.1/../../../../arm-none-eabi/lib/thumb/v6-m/nofp\libcr_c.a(_deferredlazyseek.o)
                0x00003dc8                _deferredlazyseek
 .text.__flsbuf
                0x00003e08      0x12c C:/nxp/MCUXpressoIDE_24.9.25/ide/plugins/com.nxp.mcuxpresso.tools.win32_24.9.0.202407110857/tools/bin/../lib/gcc/arm-none-eabi/13.2.1/../../../../arm-none-eabi/lib/thumb/v6-m/nofp\libcr_c.a(_deferredlazyseek.o)
                0x00003e08                __flsbuf
 .text._fflush  0x00003f34       0x5c C:/nxp/MCUXpressoIDE_24.9.25/ide/plugins/com.nxp.mcuxpresso.tools.win32_24.9.0.202407110857/tools/bin/../lib/gcc/arm-none-eabi/13.2.1/../../../../arm-none-eabi/lib/thumb/v6-m/nofp\libcr_c.a(_fflush.o)
                0x00003f34                _fflush
 .text._Cwritebuf
                0x00003f90       0x68 C:/nxp/MCUXpressoIDE_24.9.25/ide/plugins/com.nxp.mcuxpresso.tools.win32_24.9.0.202407110857/tools/bin/../lib/gcc/arm-none-eabi/13.2.1/../../../../arm-none-eabi/lib/thumb/v6-m/nofp\libcr_c.a(_writebuf.o)
                0x00003f90                _Cwritebuf
 .text.malloc   0x00003ff8       0xd4 C:/nxp/MCUXpressoIDE_24.9.25/ide/plugins/com.nxp.mcuxpresso.tools.win32_24.9.0.202407110857/tools/bin/../lib/gcc/arm-none-eabi/13.2.1/../../../../arm-none-eabi/lib/thumb/v6-m/nofp\libcr_c.a(alloc.o)
                0x00003ff8                malloc
 .text._Csys_alloc
                0x000040cc       0x20 C:/nxp/MCUXpressoIDE_24.9.25/ide/plugins/com.nxp.mcuxpresso.tools.win32_24.9.0.202407110857/tools/bin/../lib/gcc/arm-none-eabi/13.2.1/../../../../arm-none-eabi/lib/thumb/v6-m/nofp\libcr_c.a(alloc.o)
                0x000040cc                _Csys_alloc
 .text.fseek    0x000040ec       0xec C:/nxp/MCUXpressoIDE_24.9.25/ide/plugins/com.nxp.mcuxpresso.tools.win32_24.9.0.202407110857/tools/bin/../lib/gcc/arm-none-eabi/13.2.1/../../../../arm-none-eabi/lib/thumb/v6-m/nofp\libcr_c.a(fseek.o)
                0x000040ec                fseek
 .text.ftell    0x000041d8       0x4c C:/nxp/MCUXpressoIDE_24.9.25/ide/plugins/com.nxp.mcuxpresso.tools.win32_24.9.0.202407110857/tools/bin/../lib/gcc/arm-none-eabi/13.2.1/../../../../arm-none-eabi/lib/thumb/v6-m/nofp\libcr_c.a(ftell.o)
                0x000041d8                ftell
 .text._initio  0x00004224       0x7c C:/nxp/MCUXpressoIDE_24.9.25/ide/plugins/com.nxp.mcuxpresso.tools.win32_24.9.0.202407110857/tools/bin/../lib/gcc/arm-none-eabi/13.2.1/../../../../arm-none-eabi/lib/thumb/v6-m/nofp\libcr_c.a(initio.o)
                0x00004224                _initio
 .text.modf     0x000042a0       0x90 C:/nxp/MCUXpressoIDE_24.9.25/ide/plugins/com.nxp.mcuxpresso.tools.win32_24.9.0.202407110857/tools/bin/../lib/gcc/arm-none-eabi/13.2.1/../../../../arm-none-eabi/lib/thumb/v6-m/nofp\libcr_c.a(modf.o)
                0x000042a0                modf
 .text.pow      0x00004330      0x54c C:/nxp/MCUXpressoIDE_24.9.25/ide/plugins/com.nxp.mcuxpresso.tools.win32_24.9.0.202407110857/tools/bin/../lib/gcc/arm-none-eabi/13.2.1/../../../../arm-none-eabi/lib/thumb/v6-m/nofp\libcr_c.a(pow.o)
                0x00004330                pow
 .text.setvbuf  0x0000487c       0x4c C:/nxp/MCUXpressoIDE_24.9.25/ide/plugins/com.nxp.mcuxpresso.tools.win32_24.9.0.202407110857/tools/bin/../lib/gcc/arm-none-eabi/13.2.1/../../../../arm-none-eabi/lib/thumb/v6-m/nofp\libcr_c.a(setvbuf.o)
                0x0000487c                setvbuf
 .text.strlen   0x000048c8       0x5c C:/nxp/MCUXpressoIDE_24.9.25/ide/plugins/com.nxp.mcuxpresso.tools.win32_24.9.0.202407110857/tools/bin/../lib/gcc/arm-none-eabi/13.2.1/../../../../arm-none-eabi/lib/thumb/v6-m/nofp\libcr_c.a(strlen.o)
                0x000048c8                strlen
 .text._sbrk    0x00004924       0x44 C:/nxp/MCUXpressoIDE_24.9.25/ide/plugins/com.nxp.mcuxpresso.tools.win32_24.9.0.202407110857/tools/bin/../lib/gcc/arm-none-eabi/13.2.1/../../../../arm-none-eabi/lib/thumb/v6-m/nofp\libcr_c.a(_cr_sbrk.o)
                0x00004924                _sbrk
 .text._fdopen  0x00004968       0x74 C:/nxp/MCUXpressoIDE_24.9.25/ide/plugins/com.nxp.mcuxpresso.tools.win32_24.9.0.202407110857/tools/bin/../lib/gcc/arm-none-eabi/13.2.1/../../../../arm-none-eabi/lib/thumb/v6-m/nofp\libcr_c.a(_fdopen.o)
                0x00004968                _fdopen
 .text.fclose   0x000049dc       0x5c C:/nxp/MCUXpressoIDE_24.9.25/ide/plugins/com.nxp.mcuxpresso.tools.win32_24.9.0.202407110857/tools/bin/../lib/gcc/arm-none-eabi/13.2.1/../../../../arm-none-eabi/lib/thumb/v6-m/nofp\libcr_c.a(fclose.o)
                0x000049dc                fclose
 .text.fflush   0x00004a38       0x40 C:/nxp/MCUXpressoIDE_24.9.25/ide/plugins/com.nxp.mcuxpresso.tools.win32_24.9.0.202407110857/tools/bin/../lib/gcc/arm-none-eabi/13.2.1/../../../../arm-none-eabi/lib/thumb/v6-m/nofp\libcr_c.a(fflush.o)
                0x00004a38                fflush
 .text.frexp    0x00004a78       0x80 C:/nxp/MCUXpressoIDE_24.9.25/ide/plugins/com.nxp.mcuxpresso.tools.win32_24.9.0.202407110857/tools/bin/../lib/gcc/arm-none-eabi/13.2.1/../../../../arm-none-eabi/lib/thumb/v6-m/nofp\libcr_c.a(frexp.o)
                0x00004a78                frexp
 .text.ldexp    0x00004af8       0x58 C:/nxp/MCUXpressoIDE_24.9.25/ide/plugins/com.nxp.mcuxpresso.tools.win32_24.9.0.202407110857/tools/bin/../lib/gcc/arm-none-eabi/13.2.1/../../../../arm-none-eabi/lib/thumb/v6-m/nofp\libcr_c.a(ldexp.o)
                0x00004af8                ldexp
 .text.__check_heap_overflow
                0x00004b50       0x18 C:/nxp/MCUXpressoIDE_24.9.25/ide/plugins/com.nxp.mcuxpresso.tools.win32_24.9.0.202407110857/tools/bin/../lib/gcc/arm-none-eabi/13.2.1/../../../../arm-none-eabi/lib/thumb/v6-m/nofp\libcr_c.a(_cr_check_heap.o)
                0x00004b50                __check_heap_overflow
 .text._do_fflush
                0x00004b68       0x48 C:/nxp/MCUXpressoIDE_24.9.25/ide/plugins/com.nxp.mcuxpresso.tools.win32_24.9.0.202407110857/tools/bin/../lib/gcc/arm-none-eabi/13.2.1/../../../../arm-none-eabi/lib/thumb/v6-m/nofp\libcr_c.a(_do_fflush.o)
                0x00004b68                _do_fflush
 .text.__aeabi_dmul
                0x00004bb0      0x190 C:/nxp/MCUXpressoIDE_24.9.25/ide/plugins/com.nxp.mcuxpresso.tools.win32_24.9.0.202407110857/tools/bin/../lib/gcc/arm-none-eabi/13.2.1/thumb/v6-m/nofp\libcr_eabihelpers.a(double.o)
                0x00004bb0                __aeabi_dmul
 .text.__aeabi_ddiv
                0x00004d40      0x174 C:/nxp/MCUXpressoIDE_24.9.25/ide/plugins/com.nxp.mcuxpresso.tools.win32_24.9.0.202407110857/tools/bin/../lib/gcc/arm-none-eabi/13.2.1/thumb/v6-m/nofp\libcr_eabihelpers.a(double.o)
                0x00004d40                __aeabi_ddiv
 .text.__aeabi_dsub
                0x00004eb4      0x1c4 C:/nxp/MCUXpressoIDE_24.9.25/ide/plugins/com.nxp.mcuxpresso.tools.win32_24.9.0.202407110857/tools/bin/../lib/gcc/arm-none-eabi/13.2.1/thumb/v6-m/nofp\libcr_eabihelpers.a(double.o)
                0x00004eb4                __aeabi_dsub
 .text.__aeabi_dadd
                0x00005078      0x140 C:/nxp/MCUXpressoIDE_24.9.25/ide/plugins/com.nxp.mcuxpresso.tools.win32_24.9.0.202407110857/tools/bin/../lib/gcc/arm-none-eabi/13.2.1/thumb/v6-m/nofp\libcr_eabihelpers.a(double.o)
                0x00005078                __aeabi_dadd
 .text.__aeabi_d2iz
                0x000051b8       0x50 C:/nxp/MCUXpressoIDE_24.9.25/ide/plugins/com.nxp.mcuxpresso.tools.win32_24.9.0.202407110857/tools/bin/../lib/gcc/arm-none-eabi/13.2.1/thumb/v6-m/nofp\libcr_eabihelpers.a(double.o)
                0x000051b8                __aeabi_d2iz
 .text.__aeabi_d2lz
                0x00005208       0x8c C:/nxp/MCUXpressoIDE_24.9.25/ide/plugins/com.nxp.mcuxpresso.tools.win32_24.9.0.202407110857/tools/bin/../lib/gcc/arm-none-eabi/13.2.1/thumb/v6-m/nofp\libcr_eabihelpers.a(double.o)
                0x00005208                __aeabi_d2lz
 .text.__bhs_ul2d
                0x00005294       0xac C:/nxp/MCUXpressoIDE_24.9.25/ide/plugins/com.nxp.mcuxpresso.tools.win32_24.9.0.202407110857/tools/bin/../lib/gcc/arm-none-eabi/13.2.1/thumb/v6-m/nofp\libcr_eabihelpers.a(double.o)
                0x00005294                __bhs_ul2d
 .text.__aeabi_dcmpeq
                0x00005340       0x34 C:/nxp/MCUXpressoIDE_24.9.25/ide/plugins/com.nxp.mcuxpresso.tools.win32_24.9.0.202407110857/tools/bin/../lib/gcc/arm-none-eabi/13.2.1/thumb/v6-m/nofp\libcr_eabihelpers.a(double.o)
                0x00005340                __aeabi_dcmpeq
 .text.__aeabi_dcmplt
                0x00005374       0x60 C:/nxp/MCUXpressoIDE_24.9.25/ide/plugins/com.nxp.mcuxpresso.tools.win32_24.9.0.202407110857/tools/bin/../lib/gcc/arm-none-eabi/13.2.1/thumb/v6-m/nofp\libcr_eabihelpers.a(double.o)
                0x00005374                __aeabi_dcmplt
 .text.__aeabi_dcmpgt
                0x000053d4       0x60 C:/nxp/MCUXpressoIDE_24.9.25/ide/plugins/com.nxp.mcuxpresso.tools.win32_24.9.0.202407110857/tools/bin/../lib/gcc/arm-none-eabi/13.2.1/thumb/v6-m/nofp\libcr_eabihelpers.a(double.o)
                0x000053d4                __aeabi_dcmpgt
 .text.__aeabi_dcmple
                0x00005434       0x6c C:/nxp/MCUXpressoIDE_24.9.25/ide/plugins/com.nxp.mcuxpresso.tools.win32_24.9.0.202407110857/tools/bin/../lib/gcc/arm-none-eabi/13.2.1/thumb/v6-m/nofp\libcr_eabihelpers.a(double.o)
                0x00005434                __aeabi_dcmple
 .text.__aeabi_dcmpge
                0x000054a0       0x68 C:/nxp/MCUXpressoIDE_24.9.25/ide/plugins/com.nxp.mcuxpresso.tools.win32_24.9.0.202407110857/tools/bin/../lib/gcc/arm-none-eabi/13.2.1/thumb/v6-m/nofp\libcr_eabihelpers.a(double.o)
                0x000054a0                __aeabi_dcmpge
 .text.DbgConsole_PrintCallback
                0x00005508       0x6c ./utilities/fsl_debug_console.o
 .text.ConvertRadixNumToString
                0x00005574      0x114 ./utilities/fsl_str.o
 .text.StrFormatPrintf
                0x00005688      0x362 ./utilities/fsl_str.o
                0x00005688                StrFormatPrintf
 .text.clear    0x000059ea       0x1a ./source/ModuleLCD.o
                0x000059ea                clear
 .text.home     0x00005a04       0x1a ./source/ModuleLCD.o
                0x00005a04                home
 .text.setCursor
                0x00005a1e       0x5e ./source/ModuleLCD.o
                0x00005a1e                setCursor
 .text.command  0x00005a7c       0x20 ./source/ModuleLCD.o
                0x00005a7c                command
 .text.write    0x00005a9c       0x22 ./source/ModuleLCD.o
                0x00005a9c                write
 .text.send     0x00005abe       0x58 ./source/ModuleLCD.o
                0x00005abe                send
 .text.write4bits
                0x00005b16       0x28 ./source/ModuleLCD.o
                0x00005b16                write4bits
 .text.pulseEnable
                0x00005b3e       0x40 ./source/ModuleLCD.o
                0x00005b3e                pulseEnable
 .text.print    0x00005b7e       0x34 ./source/ModuleLCD.o
                0x00005b7e                print
 .text.printString
                0x00005bb2       0x56 ./source/ModuleLCD.o
                0x00005bb2                printString
 .text.bmp280_get_regs
                0x00005c08       0xa2 ./source/bmp280.o
                0x00005c08                bmp280_get_regs
 .text.bmp280_set_regs
                0x00005caa      0x12a ./source/bmp280.o
                0x00005caa                bmp280_set_regs
 .text.bmp280_soft_reset
                0x00005dd4       0x5e ./source/bmp280.o
                0x00005dd4                bmp280_soft_reset
 .text.bmp280_init
                0x00005e32      0x104 ./source/bmp280.o
                0x00005e32                bmp280_init
 .text.bmp280_get_config
                0x00005f36       0xc4 ./source/bmp280.o
                0x00005f36                bmp280_get_config
 .text.bmp280_set_config
                0x00005ffa       0x20 ./source/bmp280.o
                0x00005ffa                bmp280_set_config
 .text.bmp280_set_power_mode
                0x0000601a       0x52 ./source/bmp280.o
                0x0000601a                bmp280_set_power_mode
 .text.bmp280_get_uncomp_data
                0x0000606c       0xca ./source/bmp280.o
                0x0000606c                bmp280_get_uncomp_data
 .text.null_ptr_check
                0x00006136       0x48 ./source/bmp280.o
 .text.interleave_data
                0x0000617e       0x70 ./source/bmp280.o
 .text.get_calib_param
                0x000061ee      0x188 ./source/bmp280.o
 .text.CLOCK_GetSysClkFreq
                0x00006376       0xac ./drivers/fsl_clock.o
                0x00006376                CLOCK_GetSysClkFreq
 .text.LPI2C_MasterReset
                0x00006422       0x1c ./drivers/fsl_lpi2c.o
 .text.LPI2C_MasterEnable
                0x0000643e       0x2a ./drivers/fsl_lpi2c.o
 .text.LPI2C_MasterGetStatusFlags
                0x00006468       0x14 ./drivers/fsl_lpi2c.o
 .text.LPI2C_MasterClearStatusFlags
                0x0000647c       0x18 ./drivers/fsl_lpi2c.o
 .text.LPI2C_MasterSetWatermarks
                0x00006494       0x2a ./drivers/fsl_lpi2c.o
 .text.LPI2C_MasterGetFifoCounts
                0x000064be       0x3a ./drivers/fsl_lpi2c.o
 .text.LPI2C_MasterWaitForTxReady
                0x000064f8       0x58 ./drivers/fsl_lpi2c.o
 .text.LPI2C_CheckForBusyBus
                0x00006550       0x38 ./drivers/fsl_lpi2c.o
                0x00006550                LPI2C_CheckForBusyBus
 .text.LPI2C_MasterStop
                0x00006588       0x6e ./drivers/fsl_lpi2c.o
                0x00006588                LPI2C_MasterStop
 .text.LPUART_SoftwareReset
                0x000065f6       0x2a ./drivers/fsl_lpuart.o
 .text.SMC_SetPowerModeHsrun
                0x00006620       0x3c ./drivers/fsl_smc.o
                0x00006620                SMC_SetPowerModeHsrun
 .text.SystemInitHook
                0x0000665c        0xa ./device/system_MKL28Z7.o
                0x0000665c                SystemInitHook
 .text.SerialManager_WriteBlocking
                0x00006666       0x22 ./component/serial_manager/serial_manager.o
                0x00006666                SerialManager_WriteBlocking
 .text.SMC_SetPowerModeProtection
                0x00006688       0x1e ./board/clock_config.o
 .text.SMC_GetPowerModeState
                0x000066a6       0x16 ./board/clock_config.o
 .text.CLOCK_CONFIG_FircSafeConfig
                0x000066bc       0xdc ./board/clock_config.o
 .text.BOARD_InitBootClocks
                0x00006798        0xe ./board/clock_config.o
                0x00006798                BOARD_InitBootClocks
 .text.BOARD_InitBootPeripherals
                0x000067a6        0xa ./board/peripherals.o
                0x000067a6                BOARD_InitBootPeripherals
 .text.BOARD_InitBootPins
                0x000067b0       0x12 ./board/pin_mux.o
                0x000067b0                BOARD_InitBootPins
 .text.__main   0x000067c2        0xc C:/nxp/MCUXpressoIDE_24.9.25/ide/plugins/com.nxp.mcuxpresso.tools.win32_24.9.0.202407110857/tools/bin/../lib/gcc/arm-none-eabi/13.2.1/../../../../arm-none-eabi/lib/thumb/v6-m/nofp\libcr_nohost_nf.a(_cr__main.o)
                0x000067c2                __main
 .text.__sys_appexit
                0x000067ce        0x2 C:/nxp/MCUXpressoIDE_24.9.25/ide/plugins/com.nxp.mcuxpresso.tools.win32_24.9.0.202407110857/tools/bin/../lib/gcc/arm-none-eabi/13.2.1/../../../../arm-none-eabi/lib/thumb/v6-m/nofp\libcr_nohost_nf.a(__sys_appexit.o)
                0x000067ce                __sys_appexit
                0x000067ce                __exit
 .text.memcpy   0x000067d0        0x8 C:/nxp/MCUXpressoIDE_24.9.25/ide/plugins/com.nxp.mcuxpresso.tools.win32_24.9.0.202407110857/tools/bin/../lib/gcc/arm-none-eabi/13.2.1/../../../../arm-none-eabi/lib/thumb/v6-m/nofp\libcr_c.a(memcpy.o)
                0x000067d0                memcpy
 .text.memset   0x000067d8        0x8 C:/nxp/MCUXpressoIDE_24.9.25/ide/plugins/com.nxp.mcuxpresso.tools.win32_24.9.0.202407110857/tools/bin/../lib/gcc/arm-none-eabi/13.2.1/../../../../arm-none-eabi/lib/thumb/v6-m/nofp\libcr_c.a(memset.o)
                0x000067d8                memset
 .text.free     0x000067e0       0x2c C:/nxp/MCUXpressoIDE_24.9.25/ide/plugins/com.nxp.mcuxpresso.tools.win32_24.9.0.202407110857/tools/bin/../lib/gcc/arm-none-eabi/13.2.1/../../../../arm-none-eabi/lib/thumb/v6-m/nofp\libcr_c.a(alloc.o)
                0x000067e0                free
 .text.fputs    0x0000680c       0x2e C:/nxp/MCUXpressoIDE_24.9.25/ide/plugins/com.nxp.mcuxpresso.tools.win32_24.9.0.202407110857/tools/bin/../lib/gcc/arm-none-eabi/13.2.1/../../../../arm-none-eabi/lib/thumb/v6-m/nofp\libcr_c.a(fputs.o)
                0x0000680c                fputs
 .text.remove   0x0000683a       0x12 C:/nxp/MCUXpressoIDE_24.9.25/ide/plugins/com.nxp.mcuxpresso.tools.win32_24.9.0.202407110857/tools/bin/../lib/gcc/arm-none-eabi/13.2.1/../../../../arm-none-eabi/lib/thumb/v6-m/nofp\libcr_c.a(remove.o)
                0x0000683a                remove
 .text.__aeabi_division_idivmod
                0x0000684c       0x78 C:/nxp/MCUXpressoIDE_24.9.25/ide/plugins/com.nxp.mcuxpresso.tools.win32_24.9.0.202407110857/tools/bin/../lib/gcc/arm-none-eabi/13.2.1/thumb/v6-m/nofp\libcr_eabihelpers.a(division_32.o)
                0x0000684c                __aeabi_idivmod
                0x0000684c                __aeabi_idiv
                0x00006852                __aeabi_uidivmod
                0x00006852                __aeabi_uidiv
 .text.__aeabi_division_idiv0
                0x000068c4        0x2 C:/nxp/MCUXpressoIDE_24.9.25/ide/plugins/com.nxp.mcuxpresso.tools.win32_24.9.0.202407110857/tools/bin/../lib/gcc/arm-none-eabi/13.2.1/thumb/v6-m/nofp\libcr_eabihelpers.a(division_idiv0.o)
                0x000068c4                __aeabi_idiv0
 .text.__bhs_ui2d
                0x000068c6       0x5e C:/nxp/MCUXpressoIDE_24.9.25/ide/plugins/com.nxp.mcuxpresso.tools.win32_24.9.0.202407110857/tools/bin/../lib/gcc/arm-none-eabi/13.2.1/thumb/v6-m/nofp\libcr_eabihelpers.a(double.o)
                0x000068c6                __bhs_ui2d
 .text.__aeabi_i2d
                0x00006924       0x18 C:/nxp/MCUXpressoIDE_24.9.25/ide/plugins/com.nxp.mcuxpresso.tools.win32_24.9.0.202407110857/tools/bin/../lib/gcc/arm-none-eabi/13.2.1/thumb/v6-m/nofp\libcr_eabihelpers.a(double.o)
                0x00006924                __aeabi_i2d
 .text.__aeabi_ui2d
                0x0000693c        0xc C:/nxp/MCUXpressoIDE_24.9.25/ide/plugins/com.nxp.mcuxpresso.tools.win32_24.9.0.202407110857/tools/bin/../lib/gcc/arm-none-eabi/13.2.1/thumb/v6-m/nofp\libcr_eabihelpers.a(double.o)
                0x0000693c                __aeabi_ui2d
 .text.__aeabi_l2d
                0x00006948       0x24 C:/nxp/MCUXpressoIDE_24.9.25/ide/plugins/com.nxp.mcuxpresso.tools.win32_24.9.0.202407110857/tools/bin/../lib/gcc/arm-none-eabi/13.2.1/thumb/v6-m/nofp\libcr_eabihelpers.a(double.o)
                0x00006948                __aeabi_l2d
 .text.__aeabi_llong_lmul
                0x0000696c       0x2e C:/nxp/MCUXpressoIDE_24.9.25/ide/plugins/com.nxp.mcuxpresso.tools.win32_24.9.0.202407110857/tools/bin/../lib/gcc/arm-none-eabi/13.2.1/thumb/v6-m/nofp\libcr_eabihelpers.a(llong.o)
                0x0000696c                __aeabi_lmul
 .text.__aeabi_memcpy
                0x0000699a       0x2c C:/nxp/MCUXpressoIDE_24.9.25/ide/plugins/com.nxp.mcuxpresso.tools.win32_24.9.0.202407110857/tools/bin/../lib/gcc/arm-none-eabi/13.2.1/thumb/v6-m/nofp\libcr_eabihelpers.a(memcpy.o)
                0x0000699a                __aeabi_memcpy4
                0x0000699a                __aeabi_memcpy8
                0x0000699a                __aeabi_memcpy
 .text.__aeabi_memset_lowlevel
                0x000069c6       0x2a C:/nxp/MCUXpressoIDE_24.9.25/ide/plugins/com.nxp.mcuxpresso.tools.win32_24.9.0.202407110857/tools/bin/../lib/gcc/arm-none-eabi/13.2.1/thumb/v6-m/nofp\libcr_eabihelpers.a(memcpy.o)
                0x000069c6                __aeabi_lowlevel_memset
 .text.__sys_close
                0x000069f0        0x6 C:/nxp/MCUXpressoIDE_24.9.25/ide/plugins/com.nxp.mcuxpresso.tools.win32_24.9.0.202407110857/tools/bin/../lib/gcc/arm-none-eabi/13.2.1/../../../../arm-none-eabi/lib/thumb/v6-m/nofp\libcr_nohost_nf.a(__sys_close.o)
                0x000069f0                __sys_close
 .text.__sys_flen
                0x000069f6        0x6 C:/nxp/MCUXpressoIDE_24.9.25/ide/plugins/com.nxp.mcuxpresso.tools.win32_24.9.0.202407110857/tools/bin/../lib/gcc/arm-none-eabi/13.2.1/../../../../arm-none-eabi/lib/thumb/v6-m/nofp\libcr_nohost_nf.a(__sys_flen.o)
                0x000069f6                __sys_flen
 .text.__sys_istty
                0x000069fc        0x6 C:/nxp/MCUXpressoIDE_24.9.25/ide/plugins/com.nxp.mcuxpresso.tools.win32_24.9.0.202407110857/tools/bin/../lib/gcc/arm-none-eabi/13.2.1/../../../../arm-none-eabi/lib/thumb/v6-m/nofp\libcr_nohost_nf.a(__sys_istty.o)
                0x000069fc                __sys_istty
 .text.__sys_remove
                0x00006a02        0x6 C:/nxp/MCUXpressoIDE_24.9.25/ide/plugins/com.nxp.mcuxpresso.tools.win32_24.9.0.202407110857/tools/bin/../lib/gcc/arm-none-eabi/13.2.1/../../../../arm-none-eabi/lib/thumb/v6-m/nofp\libcr_nohost_nf.a(__sys_remove.o)
                0x00006a02                __sys_remove
 .text.__sys_seek
                0x00006a08        0x6 C:/nxp/MCUXpressoIDE_24.9.25/ide/plugins/com.nxp.mcuxpresso.tools.win32_24.9.0.202407110857/tools/bin/../lib/gcc/arm-none-eabi/13.2.1/../../../../arm-none-eabi/lib/thumb/v6-m/nofp\libcr_nohost_nf.a(__sys_seek.o)
                0x00006a08                __sys_seek
 .text.__sys_tmpnam
                0x00006a0e        0x6 C:/nxp/MCUXpressoIDE_24.9.25/ide/plugins/com.nxp.mcuxpresso.tools.win32_24.9.0.202407110857/tools/bin/../lib/gcc/arm-none-eabi/13.2.1/../../../../arm-none-eabi/lib/thumb/v6-m/nofp\libcr_nohost_nf.a(__sys_tmpnam.o)
                0x00006a0e                __sys_tmpnam
 .text.__sys_write
                0x00006a14        0x4 C:/nxp/MCUXpressoIDE_24.9.25/ide/plugins/com.nxp.mcuxpresso.tools.win32_24.9.0.202407110857/tools/bin/../lib/gcc/arm-none-eabi/13.2.1/../../../../arm-none-eabi/lib/thumb/v6-m/nofp\libcr_nohost_nf.a(__sys_write.o)
                0x00006a14                __sys_write
 *(SORT_BY_ALIGNMENT(.rodata) SORT_BY_ALIGNMENT(.rodata.*) SORT_BY_ALIGNMENT(.constdata) SORT_BY_ALIGNMENT(.constdata.*))
 .rodata.a2.0   0x00006a18       0x40 C:/nxp/MCUXpressoIDE_24.9.25/ide/plugins/com.nxp.mcuxpresso.tools.win32_24.9.0.202407110857/tools/bin/../lib/gcc/arm-none-eabi/13.2.1/../../../../arm-none-eabi/lib/thumb/v6-m/nofp\libcr_c.a(pow.o)
 .rodata.a1.1   0x00006a58       0x88 C:/nxp/MCUXpressoIDE_24.9.25/ide/plugins/com.nxp.mcuxpresso.tools.win32_24.9.0.202407110857/tools/bin/../lib/gcc/arm-none-eabi/13.2.1/../../../../arm-none-eabi/lib/thumb/v6-m/nofp\libcr_c.a(pow.o)
 .rodata.DbgConsole_SendData.str1.4
                0x00006ae0      0xcbd ./utilities/fsl_debug_console.o
                                 0x4c (size before relaxing)
 .rodata.DbgConsole_Init.str1.4
                0x0000779d       0xca ./utilities/fsl_debug_console.o
 .rodata.main.str1.4
                0x0000779d       0x28 ./source/MKL28Z7_Project.o
 .rodata.CLOCK_EnableClock.str1.4
                0x0000779d       0x95 ./source/ModuleDEL.o
 .rodata.CLOCK_EnableClock.str1.4
                0x0000779d       0x95 ./source/ModuleLCD.o
 .rodata.initLCD.str1.4
                0x0000779d       0x12 ./source/ModuleLCD.o
 .rodata.ecrireTemp.str1.4
                0x0000779d        0x5 ./source/ModuleLCD.o
 .rodata.CLOCK_EnableClock.str1.4
                0x0000779d       0x95 ./source/ModuleTemperature.o
 .rodata.initBMP.str1.4
                0x0000779d       0x6a ./source/ModuleTemperature.o
 .rodata.getTemp.str1.4
                0x0000779d        0x5 ./source/ModuleTemperature.o
 .rodata.print_rslt.str1.4
                0x0000779d       0xb6 ./source/ModuleTemperature.o
 .rodata.CLOCK_EnableClock.str1.4
                0x0000779d       0x95 ./source/ModuleVentilateur.o
 .rodata.CLOCK_GetCurSysClkConfig.str1.4
                0x0000779d       0x19 ./drivers/fsl_clock.o
 .rodata.CLOCK_GetErClkFreq.str1.4
                0x0000779d       0x1e ./drivers/fsl_clock.o
 *fill*         0x0000779d        0x3 ff
 .rodata.CLOCK_GetFreq
                0x000077a0       0x60 ./drivers/fsl_clock.o
 .rodata.CLOCK_GetIpFreq.str1.4
                0x00007800       0x2b ./drivers/fsl_clock.o
 .rodata.CLOCK_InitSysOsc.str1.4
                0x00007800       0x19 ./drivers/fsl_clock.o
 .rodata.CLOCK_GetSysOscFreq.str1.4
                0x00007800       0x1e ./drivers/fsl_clock.o
 .rodata.CLOCK_InitSirc.str1.4
                0x00007800       0x19 ./drivers/fsl_clock.o
 .rodata.CLOCK_InitFirc.str1.4
                0x00007800       0x19 ./drivers/fsl_clock.o
 .rodata.CLOCK_InitSysPll.str1.4
                0x00007800       0x1a ./drivers/fsl_clock.o
 .rodata.sircFreq.1
                0x00007800        0x8 ./drivers/fsl_clock.o
 .rodata.fircFreq.0
                0x00007808       0x10 ./drivers/fsl_clock.o
 .rodata.CLOCK_EnableClock.str1.4
                0x00007818       0x44 ./drivers/fsl_lpi2c.o
 .rodata.kLpi2cBases
                0x00007818        0xc ./drivers/fsl_lpi2c.o
 .rodata.kLpi2cClocks
                0x00007824        0xc ./drivers/fsl_lpi2c.o
 .rodata.LPI2C_GetInstance.str1.4
                0x00007830       0x18 ./drivers/fsl_lpi2c.o
 .rodata.LPI2C_GetCyclesForWidth.str1.4
                0x00007830       0x48 ./drivers/fsl_lpi2c.o
 .rodata.LPI2C_MasterCheckAndClearError.str1.4
                0x00007830       0x18 ./drivers/fsl_lpi2c.o
 .rodata.LPI2C_MasterReceive.str1.4
                0x00007830       0x19 ./drivers/fsl_lpi2c.o
 .rodata.LPI2C_MasterSend.str1.4
                0x00007830       0x19 ./drivers/fsl_lpi2c.o
 .rodata.LPI2C_MasterTransferBlocking.str1.4
                0x00007830       0x67 ./drivers/fsl_lpi2c.o
 .rodata.CLOCK_EnableClock.str1.4
                0x00007830       0x44 ./drivers/fsl_lpuart.o
 .rodata.s_lpuartBases
                0x00007830        0xc ./drivers/fsl_lpuart.o
 .rodata.s_lpuartClock
                0x0000783c        0xc ./drivers/fsl_lpuart.o
 .rodata.LPUART_GetInstance.str1.4
                0x00007848       0x38 ./drivers/fsl_lpuart.o
 .rodata.LPUART_Init.str1.4
                0x00007848       0xea ./drivers/fsl_lpuart.o
 .rodata.LPUART_GetDefaultConfig.str1.4
                0x00007848       0x1a ./drivers/fsl_lpuart.o
 .rodata.LPUART_WriteBlocking.str1.4
                0x00007848       0x18 ./drivers/fsl_lpuart.o
 .rodata.s_LpuartAdapterBase
                0x00007848        0xc ./component/uart/lpuart_adapter.o
 .rodata.HAL_UartInit.str1.4
                0x00007854       0xdd ./component/uart/lpuart_adapter.o
 .rodata.HAL_UartSendBlocking.str1.4
                0x00007854       0x5a ./component/uart/lpuart_adapter.o
 .rodata.SerialManager_Write.str1.4
                0x00007854       0x82 ./component/serial_manager/serial_manager.o
 .rodata.SerialManager_Init.str1.4
                0x00007854       0x44 ./component/serial_manager/serial_manager.o
 .rodata.SerialManager_OpenWriteHandle.str1.4
                0x00007854       0x47 ./component/serial_manager/serial_manager.o
 .rodata.SerialManager_OpenReadHandle.str1.4
                0x00007854       0x46 ./component/serial_manager/serial_manager.o
 .rodata.Serial_UartInit.str1.4
                0x00007854       0x4e ./component/serial_manager/serial_port_uart.o
 .rodata.Serial_UartWrite.str1.4
                0x00007854       0x68 ./component/serial_manager/serial_port_uart.o
 .rodata.CLOCK_SetIpSrc.str1.4
                0x00007854       0xfe ./board/board.o
 .rodata.CLOCK_SetIpSrc.str1.4
                0x00007854       0xfe ./board/clock_config.o
 .rodata.CLOCK_SetRunModeSysClkConfig.str1.4
                0x00007854       0x6a ./board/clock_config.o
 .rodata.CLOCK_SetHsrunModeSysClkConfig.str1.4
                0x00007854       0x6a ./board/clock_config.o
 .rodata.CLOCK_GetCurSysClkConfig.str1.4
                0x00007854       0x6a ./board/clock_config.o
 .rodata.g_sysClkConfig_BOARD_BootClockHSRUN
                0x00007854        0x4 ./board/clock_config.o
                0x00007854                g_sysClkConfig_BOARD_BootClockHSRUN
 .rodata.g_scgSysOscConfig_BOARD_BootClockHSRUN
                0x00007858       0x14 ./board/clock_config.o
                0x00007858                g_scgSysOscConfig_BOARD_BootClockHSRUN
 .rodata.g_scgSircConfig_BOARD_BootClockHSRUN
                0x0000786c        0x8 ./board/clock_config.o
                0x0000786c                g_scgSircConfig_BOARD_BootClockHSRUN
 .rodata.g_scgFircConfig_BOARD_BootClockHSRUN
                0x00007874        0xc ./board/clock_config.o
                0x00007874                g_scgFircConfig_BOARD_BootClockHSRUN
 .rodata.g_scgSysPllConfig_BOARD_BootClockHSRUN
                0x00007880       0x10 ./board/clock_config.o
                0x00007880                g_scgSysPllConfig_BOARD_BootClockHSRUN
 .rodata.CLOCK_EnableClock.str1.4
                0x00007890       0x95 ./board/pin_mux.o
 .rodata.PORT_SetPinConfig.str1.4
                0x00007890       0x69 ./board/pin_mux.o
 .rodata.__num_Ciob_streams
                0x00007890        0x4 C:/nxp/MCUXpressoIDE_24.9.25/ide/plugins/com.nxp.mcuxpresso.tools.win32_24.9.0.202407110857/tools/bin/../lib/gcc/arm-none-eabi/13.2.1/../../../../arm-none-eabi/lib/thumb/v6-m/nofp\libcr_nohost_nf.a(__ciob.o)
                0x00007890                __num_Ciob_streams
 .rodata.__assertion_failed.str1.1
                0x00007894       0x31 C:/nxp/MCUXpressoIDE_24.9.25/ide/plugins/com.nxp.mcuxpresso.tools.win32_24.9.0.202407110857/tools/bin/../lib/gcc/arm-none-eabi/13.2.1/../../../../arm-none-eabi/lib/thumb/v6-m/nofp\libcr_nohost_nf.a(_cr_assert.o)
                                 0x15 (size before relaxing)
 .rodata._Csys_alloc.str1.1
                0x000078c5       0x18 C:/nxp/MCUXpressoIDE_24.9.25/ide/plugins/com.nxp.mcuxpresso.tools.win32_24.9.0.202407110857/tools/bin/../lib/gcc/arm-none-eabi/13.2.1/../../../../arm-none-eabi/lib/thumb/v6-m/nofp\libcr_c.a(alloc.o)
 .rodata._initio.str1.1
                0x000078c5        0x4 C:/nxp/MCUXpressoIDE_24.9.25/ide/plugins/com.nxp.mcuxpresso.tools.win32_24.9.0.202407110857/tools/bin/../lib/gcc/arm-none-eabi/13.2.1/../../../../arm-none-eabi/lib/thumb/v6-m/nofp\libcr_c.a(initio.o)
                0x00007954                        . = ALIGN (0x4)
 *fill*         0x000078c5        0x3 ff

.glue_7         0x000078c8        0x0
 .glue_7        0x000078c8        0x0 linker stubs

.glue_7t        0x000078c8        0x0
 .glue_7t       0x000078c8        0x0 linker stubs

.vfp11_veneer   0x000078c8        0x0
 .vfp11_veneer  0x000078c8        0x0 linker stubs

.v4_bx          0x000078c8        0x0
 .v4_bx         0x000078c8        0x0 linker stubs

.iplt           0x000078c8        0x0
 .iplt          0x000078c8        0x0 ./utilities/fsl_debug_console.o

.rel.dyn        0x000078c8        0x0
 .rel.iplt      0x000078c8        0x0 ./utilities/fsl_debug_console.o

.ARM.extab
 *(SORT_BY_ALIGNMENT(.ARM.extab*) SORT_BY_ALIGNMENT(.gnu.linkonce.armextab.*))

.ARM.exidx      0x000078c8        0x0
                0x000078c8                        __exidx_start = .
 *(SORT_BY_ALIGNMENT(.ARM.exidx*) SORT_BY_ALIGNMENT(.gnu.linkonce.armexidx.*))
                0x000078c8                        __exidx_end = .
                0x000078c8                        _etext = .

.m_usb_data
 *(SORT_BY_ALIGNMENT(m_usb_bdt))
 *(SORT_BY_ALIGNMENT(m_usb_global))

.mtb_buffer_RAM2
 *(SORT_BY_ALIGNMENT(.mtb.$RAM2*))
 *(SORT_BY_ALIGNMENT(.mtb.$USB_RAM*))

.data_RAM2      0x40100000        0x0 load address 0x000078c8
 FILL mask 0xff
                [!provide]                        PROVIDE (__start_data_RAM2 = .)
                [!provide]                        PROVIDE (__start_data_USB_RAM = .)
 *(SORT_BY_ALIGNMENT(.ramfunc.$RAM2))
 *(SORT_BY_ALIGNMENT(.ramfunc.$USB_RAM))
 *(SORT_BY_ALIGNMENT(.data.$RAM2))
 *(SORT_BY_ALIGNMENT(.data.$USB_RAM))
 *(SORT_BY_ALIGNMENT(.data.$RAM2.*))
 *(SORT_BY_ALIGNMENT(.data.$USB_RAM.*))
                0x40100000                        . = ALIGN (0x4)
                [!provide]                        PROVIDE (__end_data_RAM2 = .)
                [!provide]                        PROVIDE (__end_data_USB_RAM = .)

.mtb_buffer_default
                0x1fff8000       0x80
 *(SORT_BY_ALIGNMENT(.mtb*))
 .mtb.$RAM1     0x1fff8000       0x80 ./source/mtb.o
                0x1fff8000                __mtb_buffer__

.uninit_RESERVED
                0x1fff8080        0x0
                0x1fff8080                        _start_uninit_RESERVED = .
 *(SORT_BY_ALIGNMENT(.bss.$RESERVED*))
                0x1fff8080                        . = ALIGN (0x4)
                0x1fff8080                        _end_uninit_RESERVED = .

.data           0x1fff8080        0x8 load address 0x000078c8
 FILL mask 0xff
                0x1fff8080                        _data = .
                [!provide]                        PROVIDE (__start_data_RAM = .)
                [!provide]                        PROVIDE (__start_data_SRAM = .)
 *(SORT_BY_ALIGNMENT(vtable))
 *(SORT_BY_ALIGNMENT(.ramfunc*))
 *(SORT_BY_ALIGNMENT(CodeQuickAccess))
 *(SORT_BY_ALIGNMENT(DataQuickAccess))
 *(SORT_BY_ALIGNMENT(RamFunction))
 *(SORT_BY_ALIGNMENT(.data*))
 .data.SystemCoreClock
                0x1fff8080        0x4 ./device/system_MKL28Z7.o
                0x1fff8080                SystemCoreClock
 .data.backlightval
                0x1fff8084        0x1 ./source/ModuleLCD.o
                0x1fff8084                backlightval
                0x1fff8088                        . = ALIGN (0x4)
 *fill*         0x1fff8085        0x3 ff
                0x1fff8088                        _edata = .
                [!provide]                        PROVIDE (__end_data_RAM = .)
                [!provide]                        PROVIDE (__end_data_SRAM = .)

.igot.plt       0x1fff8088        0x0 load address 0x000078d0
 .igot.plt      0x1fff8088        0x0 ./utilities/fsl_debug_console.o

.bss_RAM2       0x40100000        0x0
                [!provide]                        PROVIDE (__start_bss_RAM2 = .)
                [!provide]                        PROVIDE (__start_bss_USB_RAM = .)
 *(SORT_BY_ALIGNMENT(.bss.$RAM2))
 *(SORT_BY_ALIGNMENT(.bss.$USB_RAM))
 *(SORT_BY_ALIGNMENT(.bss.$RAM2.*))
 *(SORT_BY_ALIGNMENT(.bss.$USB_RAM.*))
                0x40100000                        . = ALIGN ((. != 0x0)?0x4:0x1)
                [!provide]                        PROVIDE (__end_bss_RAM2 = .)
                [!provide]                        PROVIDE (__end_bss_USB_RAM = .)

.bss            0x1fff8088      0x150
                0x1fff8088                        _bss = .
                [!provide]                        PROVIDE (__start_bss_RAM = .)
                [!provide]                        PROVIDE (__start_bss_SRAM = .)
 *(SORT_BY_ALIGNMENT(.bss*))
 .bss.s_debugConsoleState
                0x1fff8088       0x1c ./utilities/fsl_debug_console.o
 .bss.g_serialHandle
                0x1fff80a4        0x4 ./utilities/fsl_debug_console.o
                0x1fff80a4                g_serialHandle
 .bss.g_systickCounter
                0x1fff80a8        0x4 ./source/MKL28Z7_Project.o
                0x1fff80a8                g_systickCounter
 .bss.bmp       0x1fff80ac       0x34 ./source/ModuleTemperature.o
                0x1fff80ac                bmp
 .bss.g_xtal0Freq
                0x1fff80e0        0x4 ./drivers/fsl_clock.o
                0x1fff80e0                g_xtal0Freq
 .bss.s_lpi2cMasterIsr
                0x1fff80e4        0x4 ./drivers/fsl_lpi2c.o
 .bss.s_lpi2cMasterHandle
                0x1fff80e8        0xc ./drivers/fsl_lpi2c.o
 .bss.s_lpi2cSlaveIsr
                0x1fff80f4        0x4 ./drivers/fsl_lpi2c.o
 .bss.s_lpi2cSlaveHandle
                0x1fff80f8        0xc ./drivers/fsl_lpi2c.o
 .bss.s_lpuartHandle
                0x1fff8104        0xc ./drivers/fsl_lpuart.o
 .bss.s_lpuartIsr
                0x1fff8110        0x4 ./drivers/fsl_lpuart.o
 .bss.__Ciob    0x1fff8114       0xb4 C:/nxp/MCUXpressoIDE_24.9.25/ide/plugins/com.nxp.mcuxpresso.tools.win32_24.9.0.202407110857/tools/bin/../lib/gcc/arm-none-eabi/13.2.1/../../../../arm-none-eabi/lib/thumb/v6-m/nofp\libcr_nohost_nf.a(__ciob.o)
                0x1fff8114                __Ciob
 .bss.__end_of_heap
                0x1fff81c8        0x4 C:/nxp/MCUXpressoIDE_24.9.25/ide/plugins/com.nxp.mcuxpresso.tools.win32_24.9.0.202407110857/tools/bin/../lib/gcc/arm-none-eabi/13.2.1/../../../../arm-none-eabi/lib/thumb/v6-m/nofp\libcr_c.a(__init_alloc.o)
                0x1fff81c8                __end_of_heap
 .bss.__heaps   0x1fff81cc        0x4 C:/nxp/MCUXpressoIDE_24.9.25/ide/plugins/com.nxp.mcuxpresso.tools.win32_24.9.0.202407110857/tools/bin/../lib/gcc/arm-none-eabi/13.2.1/../../../../arm-none-eabi/lib/thumb/v6-m/nofp\libcr_c.a(__init_alloc.o)
                0x1fff81cc                __heaps
 .bss.errno     0x1fff81d0        0x4 C:/nxp/MCUXpressoIDE_24.9.25/ide/plugins/com.nxp.mcuxpresso.tools.win32_24.9.0.202407110857/tools/bin/../lib/gcc/arm-none-eabi/13.2.1/../../../../arm-none-eabi/lib/thumb/v6-m/nofp\libcr_c.a(errno.o)
                0x1fff81d0                errno
 .bss._displayfunction
                0x1fff81d4        0x1 ./source/ModuleLCD.o
                0x1fff81d4                _displayfunction
 .bss._displaycontrol
                0x1fff81d5        0x1 ./source/ModuleLCD.o
                0x1fff81d5                _displaycontrol
 .bss._displaymode
                0x1fff81d6        0x1 ./source/ModuleLCD.o
                0x1fff81d6                _displaymode
 *(SORT_BY_ALIGNMENT(COMMON))
                0x1fff81d8                        . = ALIGN (0x4)
 *fill*         0x1fff81d7        0x1 
                0x1fff81d8                        _ebss = .
                [!provide]                        PROVIDE (__end_bss_RAM = .)
                [!provide]                        PROVIDE (__end_bss_SRAM = .)
                [!provide]                        PROVIDE (end = .)

.noinit_RAM2    0x40100000        0x0
                [!provide]                        PROVIDE (__start_noinit_RAM2 = .)
                [!provide]                        PROVIDE (__start_noinit_USB_RAM = .)
 *(SORT_BY_ALIGNMENT(.noinit.$RAM2))
 *(SORT_BY_ALIGNMENT(.noinit.$USB_RAM))
 *(SORT_BY_ALIGNMENT(.noinit.$RAM2.*))
 *(SORT_BY_ALIGNMENT(.noinit.$USB_RAM.*))
                0x40100000                        . = ALIGN (0x4)
                [!provide]                        PROVIDE (__end_noinit_RAM2 = .)
                [!provide]                        PROVIDE (__end_noinit_USB_RAM = .)

.noinit         0x1fff81d8        0x0
                0x1fff81d8                        _noinit = .
                [!provide]                        PROVIDE (__start_noinit_RAM = .)
                [!provide]                        PROVIDE (__start_noinit_SRAM = .)
 *(SORT_BY_ALIGNMENT(.noinit*))
                0x1fff81d8                        . = ALIGN (0x4)
                0x1fff81d8                        _end_noinit = .
                [!provide]                        PROVIDE (__end_noinit_RAM = .)
                [!provide]                        PROVIDE (__end_noinit_SRAM = .)
                0x00001000                        _HeapSize = 0x1000

.heap           0x1fff81d8     0x1000
                0x1fff81d8                        _pvHeapStart = .
                0x1fff91d8                        . = (. + _HeapSize)
 *fill*         0x1fff81d8     0x1000 
                0x1fff91d8                        . = ALIGN (0x4)
                0x1fff91d8                        _pvHeapLimit = .
                0x00001000                        _StackSize = 0x1000

.heap2stackfill
                0x1fff91d8     0x1000
                0x1fffa1d8                        . = (. + _StackSize)
 *fill*         0x1fff91d8     0x1000 

.stack          0x20017000        0x0
                0x20017000                        _vStackBase = .
                0x20017000                        . = ALIGN (0x4)
                0x20018000                        _vStackTop = (. + _StackSize)
                0x00000000                        _image_start = LOADADDR (.text)
                0x000078d0                        _image_end = (LOADADDR (.data) + SIZEOF (.data))
                0x000078d0                        _image_size = (_image_end - _image_start)
OUTPUT(MKL28Z7_Project.axf elf32-littlearm)
LOAD linker stubs

.debug_info     0x00000000    0x14fc5
 .debug_info    0x00000000      0xaa6 ./utilities/fsl_debug_console.o
 .debug_info    0x00000aa6      0x67b ./utilities/fsl_str.o
 .debug_info    0x00001121      0x8b9 ./startup/startup_mkl28z7.o
 .debug_info    0x000019da       0xd5 ./source/delay/delay.o
 .debug_info    0x00001aaf      0x91a ./source/MKL28Z7_Project.o
 .debug_info    0x000023c9      0x4a6 ./source/ModuleDEL.o
 .debug_info    0x0000286f     0x1041 ./source/ModuleLCD.o
 .debug_info    0x000038b0     0x120f ./source/ModuleTemperature.o
 .debug_info    0x00004abf      0x45e ./source/ModuleVentilateur.o
 .debug_info    0x00004f1d      0xc01 ./source/bmp280.o
 .debug_info    0x00005b1e       0x53 ./source/mtb.o
 .debug_info    0x00005b71       0x3c ./source/semihost_hardfault.o
 .debug_info    0x00005bad     0x1505 ./drivers/fsl_clock.o
 .debug_info    0x000070b2     0x2594 ./drivers/fsl_lpi2c.o
 .debug_info    0x00009646     0x18dd ./drivers/fsl_lpuart.o
 .debug_info    0x0000af23      0xaae ./drivers/fsl_smc.o
 .debug_info    0x0000b9d1      0x364 ./device/system_MKL28Z7.o
 .debug_info    0x0000bd35      0xa0d ./component/uart/lpuart_adapter.o
 .debug_info    0x0000c742      0x79c ./component/serial_manager/serial_manager.o
 .debug_info    0x0000cede      0x536 ./component/serial_manager/serial_port_uart.o
 .debug_info    0x0000d414      0x347 ./board/board.o
 .debug_info    0x0000d75b     0x1170 ./board/clock_config.o
 .debug_info    0x0000e8cb       0x3c ./board/peripherals.o
 .debug_info    0x0000e907      0x934 ./board/pin_mux.o
 .debug_info    0x0000f23b       0x85 C:/nxp/MCUXpressoIDE_24.9.25/ide/plugins/com.nxp.mcuxpresso.tools.win32_24.9.0.202407110857/tools/bin/../lib/gcc/arm-none-eabi/13.2.1/../../../../arm-none-eabi/lib/thumb/v6-m/nofp\libcr_nohost_nf.a(_cr__main.o)
 .debug_info    0x0000f2c0      0x247 C:/nxp/MCUXpressoIDE_24.9.25/ide/plugins/com.nxp.mcuxpresso.tools.win32_24.9.0.202407110857/tools/bin/../lib/gcc/arm-none-eabi/13.2.1/../../../../arm-none-eabi/lib/thumb/v6-m/nofp\libcr_nohost_nf.a(_cr_assert.o)
 .debug_info    0x0000f507      0x18b C:/nxp/MCUXpressoIDE_24.9.25/ide/plugins/com.nxp.mcuxpresso.tools.win32_24.9.0.202407110857/tools/bin/../lib/gcc/arm-none-eabi/13.2.1/../../../../arm-none-eabi/lib/thumb/v6-m/nofp\libcr_nohost_nf.a(__ciob.o)
 .debug_info    0x0000f692       0x38 C:/nxp/MCUXpressoIDE_24.9.25/ide/plugins/com.nxp.mcuxpresso.tools.win32_24.9.0.202407110857/tools/bin/../lib/gcc/arm-none-eabi/13.2.1/../../../../arm-none-eabi/lib/thumb/v6-m/nofp\libcr_nohost_nf.a(__sys_appexit.o)
 .debug_info    0x0000f6ca      0x12b C:/nxp/MCUXpressoIDE_24.9.25/ide/plugins/com.nxp.mcuxpresso.tools.win32_24.9.0.202407110857/tools/bin/../lib/gcc/arm-none-eabi/13.2.1/../../../../arm-none-eabi/lib/thumb/v6-m/nofp\libcr_c.a(memcpy.o)
 .debug_info    0x0000f7f5       0xfc C:/nxp/MCUXpressoIDE_24.9.25/ide/plugins/com.nxp.mcuxpresso.tools.win32_24.9.0.202407110857/tools/bin/../lib/gcc/arm-none-eabi/13.2.1/../../../../arm-none-eabi/lib/thumb/v6-m/nofp\libcr_c.a(memset.o)
 .debug_info    0x0000f8f1      0x364 C:/nxp/MCUXpressoIDE_24.9.25/ide/plugins/com.nxp.mcuxpresso.tools.win32_24.9.0.202407110857/tools/bin/../lib/gcc/arm-none-eabi/13.2.1/../../../../arm-none-eabi/lib/thumb/v6-m/nofp\libcr_c.a(_deferredlazyseek.o)
 .debug_info    0x0000fc55      0x1ea C:/nxp/MCUXpressoIDE_24.9.25/ide/plugins/com.nxp.mcuxpresso.tools.win32_24.9.0.202407110857/tools/bin/../lib/gcc/arm-none-eabi/13.2.1/../../../../arm-none-eabi/lib/thumb/v6-m/nofp\libcr_c.a(_fflush.o)
 .debug_info    0x0000fe3f      0x28a C:/nxp/MCUXpressoIDE_24.9.25/ide/plugins/com.nxp.mcuxpresso.tools.win32_24.9.0.202407110857/tools/bin/../lib/gcc/arm-none-eabi/13.2.1/../../../../arm-none-eabi/lib/thumb/v6-m/nofp\libcr_c.a(_writebuf.o)
 .debug_info    0x000100c9      0x526 C:/nxp/MCUXpressoIDE_24.9.25/ide/plugins/com.nxp.mcuxpresso.tools.win32_24.9.0.202407110857/tools/bin/../lib/gcc/arm-none-eabi/13.2.1/../../../../arm-none-eabi/lib/thumb/v6-m/nofp\libcr_c.a(alloc.o)
 .debug_info    0x000105ef      0x1e7 C:/nxp/MCUXpressoIDE_24.9.25/ide/plugins/com.nxp.mcuxpresso.tools.win32_24.9.0.202407110857/tools/bin/../lib/gcc/arm-none-eabi/13.2.1/../../../../arm-none-eabi/lib/thumb/v6-m/nofp\libcr_c.a(fputs.o)
 .debug_info    0x000107d6      0x27f C:/nxp/MCUXpressoIDE_24.9.25/ide/plugins/com.nxp.mcuxpresso.tools.win32_24.9.0.202407110857/tools/bin/../lib/gcc/arm-none-eabi/13.2.1/../../../../arm-none-eabi/lib/thumb/v6-m/nofp\libcr_c.a(fseek.o)
 .debug_info    0x00010a55      0x197 C:/nxp/MCUXpressoIDE_24.9.25/ide/plugins/com.nxp.mcuxpresso.tools.win32_24.9.0.202407110857/tools/bin/../lib/gcc/arm-none-eabi/13.2.1/../../../../arm-none-eabi/lib/thumb/v6-m/nofp\libcr_c.a(ftell.o)
 .debug_info    0x00010bec      0x353 C:/nxp/MCUXpressoIDE_24.9.25/ide/plugins/com.nxp.mcuxpresso.tools.win32_24.9.0.202407110857/tools/bin/../lib/gcc/arm-none-eabi/13.2.1/../../../../arm-none-eabi/lib/thumb/v6-m/nofp\libcr_c.a(initio.o)
 .debug_info    0x00010f3f      0x165 C:/nxp/MCUXpressoIDE_24.9.25/ide/plugins/com.nxp.mcuxpresso.tools.win32_24.9.0.202407110857/tools/bin/../lib/gcc/arm-none-eabi/13.2.1/../../../../arm-none-eabi/lib/thumb/v6-m/nofp\libcr_c.a(modf.o)
 .debug_info    0x000110a4      0x617 C:/nxp/MCUXpressoIDE_24.9.25/ide/plugins/com.nxp.mcuxpresso.tools.win32_24.9.0.202407110857/tools/bin/../lib/gcc/arm-none-eabi/13.2.1/../../../../arm-none-eabi/lib/thumb/v6-m/nofp\libcr_c.a(pow.o)
 .debug_info    0x000116bb      0x1fd C:/nxp/MCUXpressoIDE_24.9.25/ide/plugins/com.nxp.mcuxpresso.tools.win32_24.9.0.202407110857/tools/bin/../lib/gcc/arm-none-eabi/13.2.1/../../../../arm-none-eabi/lib/thumb/v6-m/nofp\libcr_c.a(setvbuf.o)
 .debug_info    0x000118b8       0xdd C:/nxp/MCUXpressoIDE_24.9.25/ide/plugins/com.nxp.mcuxpresso.tools.win32_24.9.0.202407110857/tools/bin/../lib/gcc/arm-none-eabi/13.2.1/../../../../arm-none-eabi/lib/thumb/v6-m/nofp\libcr_c.a(strlen.o)
 .debug_info    0x00011995       0xd4 C:/nxp/MCUXpressoIDE_24.9.25/ide/plugins/com.nxp.mcuxpresso.tools.win32_24.9.0.202407110857/tools/bin/../lib/gcc/arm-none-eabi/13.2.1/../../../../arm-none-eabi/lib/thumb/v6-m/nofp\libcr_c.a(__init_alloc.o)
 .debug_info    0x00011a69      0x107 C:/nxp/MCUXpressoIDE_24.9.25/ide/plugins/com.nxp.mcuxpresso.tools.win32_24.9.0.202407110857/tools/bin/../lib/gcc/arm-none-eabi/13.2.1/../../../../arm-none-eabi/lib/thumb/v6-m/nofp\libcr_c.a(_cr_sbrk.o)
 .debug_info    0x00011b70      0x24b C:/nxp/MCUXpressoIDE_24.9.25/ide/plugins/com.nxp.mcuxpresso.tools.win32_24.9.0.202407110857/tools/bin/../lib/gcc/arm-none-eabi/13.2.1/../../../../arm-none-eabi/lib/thumb/v6-m/nofp\libcr_c.a(_fdopen.o)
 .debug_info    0x00011dbb       0x44 C:/nxp/MCUXpressoIDE_24.9.25/ide/plugins/com.nxp.mcuxpresso.tools.win32_24.9.0.202407110857/tools/bin/../lib/gcc/arm-none-eabi/13.2.1/../../../../arm-none-eabi/lib/thumb/v6-m/nofp\libcr_c.a(errno.o)
 .debug_info    0x00011dff      0x325 C:/nxp/MCUXpressoIDE_24.9.25/ide/plugins/com.nxp.mcuxpresso.tools.win32_24.9.0.202407110857/tools/bin/../lib/gcc/arm-none-eabi/13.2.1/../../../../arm-none-eabi/lib/thumb/v6-m/nofp\libcr_c.a(fclose.o)
 .debug_info    0x00012124      0x210 C:/nxp/MCUXpressoIDE_24.9.25/ide/plugins/com.nxp.mcuxpresso.tools.win32_24.9.0.202407110857/tools/bin/../lib/gcc/arm-none-eabi/13.2.1/../../../../arm-none-eabi/lib/thumb/v6-m/nofp\libcr_c.a(fflush.o)
 .debug_info    0x00012334      0x15e C:/nxp/MCUXpressoIDE_24.9.25/ide/plugins/com.nxp.mcuxpresso.tools.win32_24.9.0.202407110857/tools/bin/../lib/gcc/arm-none-eabi/13.2.1/../../../../arm-none-eabi/lib/thumb/v6-m/nofp\libcr_c.a(frexp.o)
 .debug_info    0x00012492      0x14d C:/nxp/MCUXpressoIDE_24.9.25/ide/plugins/com.nxp.mcuxpresso.tools.win32_24.9.0.202407110857/tools/bin/../lib/gcc/arm-none-eabi/13.2.1/../../../../arm-none-eabi/lib/thumb/v6-m/nofp\libcr_c.a(ldexp.o)
 .debug_info    0x000125df      0x1d0 C:/nxp/MCUXpressoIDE_24.9.25/ide/plugins/com.nxp.mcuxpresso.tools.win32_24.9.0.202407110857/tools/bin/../lib/gcc/arm-none-eabi/13.2.1/../../../../arm-none-eabi/lib/thumb/v6-m/nofp\libcr_c.a(remove.o)
 .debug_info    0x000127af       0x71 C:/nxp/MCUXpressoIDE_24.9.25/ide/plugins/com.nxp.mcuxpresso.tools.win32_24.9.0.202407110857/tools/bin/../lib/gcc/arm-none-eabi/13.2.1/../../../../arm-none-eabi/lib/thumb/v6-m/nofp\libcr_c.a(_cr_check_heap.o)
 .debug_info    0x00012820      0x241 C:/nxp/MCUXpressoIDE_24.9.25/ide/plugins/com.nxp.mcuxpresso.tools.win32_24.9.0.202407110857/tools/bin/../lib/gcc/arm-none-eabi/13.2.1/../../../../arm-none-eabi/lib/thumb/v6-m/nofp\libcr_c.a(_do_fflush.o)
 .debug_info    0x00012a61     0x21fe C:/nxp/MCUXpressoIDE_24.9.25/ide/plugins/com.nxp.mcuxpresso.tools.win32_24.9.0.202407110857/tools/bin/../lib/gcc/arm-none-eabi/13.2.1/thumb/v6-m/nofp\libcr_eabihelpers.a(double.o)
 .debug_info    0x00014c5f       0x6a C:/nxp/MCUXpressoIDE_24.9.25/ide/plugins/com.nxp.mcuxpresso.tools.win32_24.9.0.202407110857/tools/bin/../lib/gcc/arm-none-eabi/13.2.1/../../../../arm-none-eabi/lib/thumb/v6-m/nofp\libcr_nohost_nf.a(__sys_close.o)
 .debug_info    0x00014cc9       0x6a C:/nxp/MCUXpressoIDE_24.9.25/ide/plugins/com.nxp.mcuxpresso.tools.win32_24.9.0.202407110857/tools/bin/../lib/gcc/arm-none-eabi/13.2.1/../../../../arm-none-eabi/lib/thumb/v6-m/nofp\libcr_nohost_nf.a(__sys_flen.o)
 .debug_info    0x00014d33       0x6a C:/nxp/MCUXpressoIDE_24.9.25/ide/plugins/com.nxp.mcuxpresso.tools.win32_24.9.0.202407110857/tools/bin/../lib/gcc/arm-none-eabi/13.2.1/../../../../arm-none-eabi/lib/thumb/v6-m/nofp\libcr_nohost_nf.a(__sys_istty.o)
 .debug_info    0x00014d9d       0x8a C:/nxp/MCUXpressoIDE_24.9.25/ide/plugins/com.nxp.mcuxpresso.tools.win32_24.9.0.202407110857/tools/bin/../lib/gcc/arm-none-eabi/13.2.1/../../../../arm-none-eabi/lib/thumb/v6-m/nofp\libcr_nohost_nf.a(__sys_remove.o)
 .debug_info    0x00014e27       0x78 C:/nxp/MCUXpressoIDE_24.9.25/ide/plugins/com.nxp.mcuxpresso.tools.win32_24.9.0.202407110857/tools/bin/../lib/gcc/arm-none-eabi/13.2.1/../../../../arm-none-eabi/lib/thumb/v6-m/nofp\libcr_nohost_nf.a(__sys_seek.o)
 .debug_info    0x00014e9f       0x93 C:/nxp/MCUXpressoIDE_24.9.25/ide/plugins/com.nxp.mcuxpresso.tools.win32_24.9.0.202407110857/tools/bin/../lib/gcc/arm-none-eabi/13.2.1/../../../../arm-none-eabi/lib/thumb/v6-m/nofp\libcr_nohost_nf.a(__sys_tmpnam.o)
 .debug_info    0x00014f32       0x93 C:/nxp/MCUXpressoIDE_24.9.25/ide/plugins/com.nxp.mcuxpresso.tools.win32_24.9.0.202407110857/tools/bin/../lib/gcc/arm-none-eabi/13.2.1/../../../../arm-none-eabi/lib/thumb/v6-m/nofp\libcr_nohost_nf.a(__sys_write.o)

.debug_abbrev   0x00000000     0x4f1f
 .debug_abbrev  0x00000000      0x220 ./utilities/fsl_debug_console.o
 .debug_abbrev  0x00000220      0x1c4 ./utilities/fsl_str.o
 .debug_abbrev  0x000003e4      0x17a ./startup/startup_mkl28z7.o
 .debug_abbrev  0x0000055e       0x9d ./source/delay/delay.o
 .debug_abbrev  0x000005fb      0x25a ./source/MKL28Z7_Project.o
 .debug_abbrev  0x00000855      0x184 ./source/ModuleDEL.o
 .debug_abbrev  0x000009d9      0x311 ./source/ModuleLCD.o
 .debug_abbrev  0x00000cea      0x2e4 ./source/ModuleTemperature.o
 .debug_abbrev  0x00000fce      0x184 ./source/ModuleVentilateur.o
 .debug_abbrev  0x00001152      0x1dc ./source/bmp280.o
 .debug_abbrev  0x0000132e       0x46 ./source/mtb.o
 .debug_abbrev  0x00001374       0x31 ./source/semihost_hardfault.o
 .debug_abbrev  0x000013a5      0x2ca ./drivers/fsl_clock.o
 .debug_abbrev  0x0000166f      0x33e ./drivers/fsl_lpi2c.o
 .debug_abbrev  0x000019ad      0x32b ./drivers/fsl_lpuart.o
 .debug_abbrev  0x00001cd8      0x31b ./drivers/fsl_smc.o
 .debug_abbrev  0x00001ff3      0x148 ./device/system_MKL28Z7.o
 .debug_abbrev  0x0000213b      0x1c9 ./component/uart/lpuart_adapter.o
 .debug_abbrev  0x00002304      0x17a ./component/serial_manager/serial_manager.o
 .debug_abbrev  0x0000247e      0x164 ./component/serial_manager/serial_port_uart.o
 .debug_abbrev  0x000025e2      0x155 ./board/board.o
 .debug_abbrev  0x00002737      0x320 ./board/clock_config.o
 .debug_abbrev  0x00002a57       0x31 ./board/peripherals.o
 .debug_abbrev  0x00002a88      0x294 ./board/pin_mux.o
 .debug_abbrev  0x00002d1c       0x62 C:/nxp/MCUXpressoIDE_24.9.25/ide/plugins/com.nxp.mcuxpresso.tools.win32_24.9.0.202407110857/tools/bin/../lib/gcc/arm-none-eabi/13.2.1/../../../../arm-none-eabi/lib/thumb/v6-m/nofp\libcr_nohost_nf.a(_cr__main.o)
 .debug_abbrev  0x00002d7e      0x12c C:/nxp/MCUXpressoIDE_24.9.25/ide/plugins/com.nxp.mcuxpresso.tools.win32_24.9.0.202407110857/tools/bin/../lib/gcc/arm-none-eabi/13.2.1/../../../../arm-none-eabi/lib/thumb/v6-m/nofp\libcr_nohost_nf.a(_cr_assert.o)
 .debug_abbrev  0x00002eaa       0xb5 C:/nxp/MCUXpressoIDE_24.9.25/ide/plugins/com.nxp.mcuxpresso.tools.win32_24.9.0.202407110857/tools/bin/../lib/gcc/arm-none-eabi/13.2.1/../../../../arm-none-eabi/lib/thumb/v6-m/nofp\libcr_nohost_nf.a(__ciob.o)
 .debug_abbrev  0x00002f5f       0x2e C:/nxp/MCUXpressoIDE_24.9.25/ide/plugins/com.nxp.mcuxpresso.tools.win32_24.9.0.202407110857/tools/bin/../lib/gcc/arm-none-eabi/13.2.1/../../../../arm-none-eabi/lib/thumb/v6-m/nofp\libcr_nohost_nf.a(__sys_appexit.o)
 .debug_abbrev  0x00002f8d       0xb3 C:/nxp/MCUXpressoIDE_24.9.25/ide/plugins/com.nxp.mcuxpresso.tools.win32_24.9.0.202407110857/tools/bin/../lib/gcc/arm-none-eabi/13.2.1/../../../../arm-none-eabi/lib/thumb/v6-m/nofp\libcr_c.a(memcpy.o)
 .debug_abbrev  0x00003040       0xa5 C:/nxp/MCUXpressoIDE_24.9.25/ide/plugins/com.nxp.mcuxpresso.tools.win32_24.9.0.202407110857/tools/bin/../lib/gcc/arm-none-eabi/13.2.1/../../../../arm-none-eabi/lib/thumb/v6-m/nofp\libcr_c.a(memset.o)
 .debug_abbrev  0x000030e5      0x147 C:/nxp/MCUXpressoIDE_24.9.25/ide/plugins/com.nxp.mcuxpresso.tools.win32_24.9.0.202407110857/tools/bin/../lib/gcc/arm-none-eabi/13.2.1/../../../../arm-none-eabi/lib/thumb/v6-m/nofp\libcr_c.a(_deferredlazyseek.o)
 .debug_abbrev  0x0000322c       0xf1 C:/nxp/MCUXpressoIDE_24.9.25/ide/plugins/com.nxp.mcuxpresso.tools.win32_24.9.0.202407110857/tools/bin/../lib/gcc/arm-none-eabi/13.2.1/../../../../arm-none-eabi/lib/thumb/v6-m/nofp\libcr_c.a(_fflush.o)
 .debug_abbrev  0x0000331d      0x126 C:/nxp/MCUXpressoIDE_24.9.25/ide/plugins/com.nxp.mcuxpresso.tools.win32_24.9.0.202407110857/tools/bin/../lib/gcc/arm-none-eabi/13.2.1/../../../../arm-none-eabi/lib/thumb/v6-m/nofp\libcr_c.a(_writebuf.o)
 .debug_abbrev  0x00003443      0x27b C:/nxp/MCUXpressoIDE_24.9.25/ide/plugins/com.nxp.mcuxpresso.tools.win32_24.9.0.202407110857/tools/bin/../lib/gcc/arm-none-eabi/13.2.1/../../../../arm-none-eabi/lib/thumb/v6-m/nofp\libcr_c.a(alloc.o)
 .debug_abbrev  0x000036be      0x10c C:/nxp/MCUXpressoIDE_24.9.25/ide/plugins/com.nxp.mcuxpresso.tools.win32_24.9.0.202407110857/tools/bin/../lib/gcc/arm-none-eabi/13.2.1/../../../../arm-none-eabi/lib/thumb/v6-m/nofp\libcr_c.a(fputs.o)
 .debug_abbrev  0x000037ca      0x11b C:/nxp/MCUXpressoIDE_24.9.25/ide/plugins/com.nxp.mcuxpresso.tools.win32_24.9.0.202407110857/tools/bin/../lib/gcc/arm-none-eabi/13.2.1/../../../../arm-none-eabi/lib/thumb/v6-m/nofp\libcr_c.a(fseek.o)
 .debug_abbrev  0x000038e5       0xc2 C:/nxp/MCUXpressoIDE_24.9.25/ide/plugins/com.nxp.mcuxpresso.tools.win32_24.9.0.202407110857/tools/bin/../lib/gcc/arm-none-eabi/13.2.1/../../../../arm-none-eabi/lib/thumb/v6-m/nofp\libcr_c.a(ftell.o)
 .debug_abbrev  0x000039a7      0x14b C:/nxp/MCUXpressoIDE_24.9.25/ide/plugins/com.nxp.mcuxpresso.tools.win32_24.9.0.202407110857/tools/bin/../lib/gcc/arm-none-eabi/13.2.1/../../../../arm-none-eabi/lib/thumb/v6-m/nofp\libcr_c.a(initio.o)
 .debug_abbrev  0x00003af2      0x104 C:/nxp/MCUXpressoIDE_24.9.25/ide/plugins/com.nxp.mcuxpresso.tools.win32_24.9.0.202407110857/tools/bin/../lib/gcc/arm-none-eabi/13.2.1/../../../../arm-none-eabi/lib/thumb/v6-m/nofp\libcr_c.a(modf.o)
 .debug_abbrev  0x00003bf6      0x129 C:/nxp/MCUXpressoIDE_24.9.25/ide/plugins/com.nxp.mcuxpresso.tools.win32_24.9.0.202407110857/tools/bin/../lib/gcc/arm-none-eabi/13.2.1/../../../../arm-none-eabi/lib/thumb/v6-m/nofp\libcr_c.a(pow.o)
 .debug_abbrev  0x00003d1f       0xe1 C:/nxp/MCUXpressoIDE_24.9.25/ide/plugins/com.nxp.mcuxpresso.tools.win32_24.9.0.202407110857/tools/bin/../lib/gcc/arm-none-eabi/13.2.1/../../../../arm-none-eabi/lib/thumb/v6-m/nofp\libcr_c.a(setvbuf.o)
 .debug_abbrev  0x00003e00       0xa5 C:/nxp/MCUXpressoIDE_24.9.25/ide/plugins/com.nxp.mcuxpresso.tools.win32_24.9.0.202407110857/tools/bin/../lib/gcc/arm-none-eabi/13.2.1/../../../../arm-none-eabi/lib/thumb/v6-m/nofp\libcr_c.a(strlen.o)
 .debug_abbrev  0x00003ea5       0xaf C:/nxp/MCUXpressoIDE_24.9.25/ide/plugins/com.nxp.mcuxpresso.tools.win32_24.9.0.202407110857/tools/bin/../lib/gcc/arm-none-eabi/13.2.1/../../../../arm-none-eabi/lib/thumb/v6-m/nofp\libcr_c.a(__init_alloc.o)
 .debug_abbrev  0x00003f54       0xd3 C:/nxp/MCUXpressoIDE_24.9.25/ide/plugins/com.nxp.mcuxpresso.tools.win32_24.9.0.202407110857/tools/bin/../lib/gcc/arm-none-eabi/13.2.1/../../../../arm-none-eabi/lib/thumb/v6-m/nofp\libcr_c.a(_cr_sbrk.o)
 .debug_abbrev  0x00004027      0x119 C:/nxp/MCUXpressoIDE_24.9.25/ide/plugins/com.nxp.mcuxpresso.tools.win32_24.9.0.202407110857/tools/bin/../lib/gcc/arm-none-eabi/13.2.1/../../../../arm-none-eabi/lib/thumb/v6-m/nofp\libcr_c.a(_fdopen.o)
 .debug_abbrev  0x00004140       0x44 C:/nxp/MCUXpressoIDE_24.9.25/ide/plugins/com.nxp.mcuxpresso.tools.win32_24.9.0.202407110857/tools/bin/../lib/gcc/arm-none-eabi/13.2.1/../../../../arm-none-eabi/lib/thumb/v6-m/nofp\libcr_c.a(errno.o)
 .debug_abbrev  0x00004184      0x158 C:/nxp/MCUXpressoIDE_24.9.25/ide/plugins/com.nxp.mcuxpresso.tools.win32_24.9.0.202407110857/tools/bin/../lib/gcc/arm-none-eabi/13.2.1/../../../../arm-none-eabi/lib/thumb/v6-m/nofp\libcr_c.a(fclose.o)
 .debug_abbrev  0x000042dc      0x122 C:/nxp/MCUXpressoIDE_24.9.25/ide/plugins/com.nxp.mcuxpresso.tools.win32_24.9.0.202407110857/tools/bin/../lib/gcc/arm-none-eabi/13.2.1/../../../../arm-none-eabi/lib/thumb/v6-m/nofp\libcr_c.a(fflush.o)
 .debug_abbrev  0x000043fe      0x123 C:/nxp/MCUXpressoIDE_24.9.25/ide/plugins/com.nxp.mcuxpresso.tools.win32_24.9.0.202407110857/tools/bin/../lib/gcc/arm-none-eabi/13.2.1/../../../../arm-none-eabi/lib/thumb/v6-m/nofp\libcr_c.a(frexp.o)
 .debug_abbrev  0x00004521      0x115 C:/nxp/MCUXpressoIDE_24.9.25/ide/plugins/com.nxp.mcuxpresso.tools.win32_24.9.0.202407110857/tools/bin/../lib/gcc/arm-none-eabi/13.2.1/../../../../arm-none-eabi/lib/thumb/v6-m/nofp\libcr_c.a(ldexp.o)
 .debug_abbrev  0x00004636       0xed C:/nxp/MCUXpressoIDE_24.9.25/ide/plugins/com.nxp.mcuxpresso.tools.win32_24.9.0.202407110857/tools/bin/../lib/gcc/arm-none-eabi/13.2.1/../../../../arm-none-eabi/lib/thumb/v6-m/nofp\libcr_c.a(remove.o)
 .debug_abbrev  0x00004723       0x6b C:/nxp/MCUXpressoIDE_24.9.25/ide/plugins/com.nxp.mcuxpresso.tools.win32_24.9.0.202407110857/tools/bin/../lib/gcc/arm-none-eabi/13.2.1/../../../../arm-none-eabi/lib/thumb/v6-m/nofp\libcr_c.a(_cr_check_heap.o)
 .debug_abbrev  0x0000478e      0x12c C:/nxp/MCUXpressoIDE_24.9.25/ide/plugins/com.nxp.mcuxpresso.tools.win32_24.9.0.202407110857/tools/bin/../lib/gcc/arm-none-eabi/13.2.1/../../../../arm-none-eabi/lib/thumb/v6-m/nofp\libcr_c.a(_do_fflush.o)
 .debug_abbrev  0x000048ba      0x37b C:/nxp/MCUXpressoIDE_24.9.25/ide/plugins/com.nxp.mcuxpresso.tools.win32_24.9.0.202407110857/tools/bin/../lib/gcc/arm-none-eabi/13.2.1/thumb/v6-m/nofp\libcr_eabihelpers.a(double.o)
 .debug_abbrev  0x00004c35       0x5c C:/nxp/MCUXpressoIDE_24.9.25/ide/plugins/com.nxp.mcuxpresso.tools.win32_24.9.0.202407110857/tools/bin/../lib/gcc/arm-none-eabi/13.2.1/../../../../arm-none-eabi/lib/thumb/v6-m/nofp\libcr_nohost_nf.a(__sys_close.o)
 .debug_abbrev  0x00004c91       0x5c C:/nxp/MCUXpressoIDE_24.9.25/ide/plugins/com.nxp.mcuxpresso.tools.win32_24.9.0.202407110857/tools/bin/../lib/gcc/arm-none-eabi/13.2.1/../../../../arm-none-eabi/lib/thumb/v6-m/nofp\libcr_nohost_nf.a(__sys_flen.o)
 .debug_abbrev  0x00004ced       0x5c C:/nxp/MCUXpressoIDE_24.9.25/ide/plugins/com.nxp.mcuxpresso.tools.win32_24.9.0.202407110857/tools/bin/../lib/gcc/arm-none-eabi/13.2.1/../../../../arm-none-eabi/lib/thumb/v6-m/nofp\libcr_nohost_nf.a(__sys_istty.o)
 .debug_abbrev  0x00004d49       0x7d C:/nxp/MCUXpressoIDE_24.9.25/ide/plugins/com.nxp.mcuxpresso.tools.win32_24.9.0.202407110857/tools/bin/../lib/gcc/arm-none-eabi/13.2.1/../../../../arm-none-eabi/lib/thumb/v6-m/nofp\libcr_nohost_nf.a(__sys_remove.o)
 .debug_abbrev  0x00004dc6       0x6d C:/nxp/MCUXpressoIDE_24.9.25/ide/plugins/com.nxp.mcuxpresso.tools.win32_24.9.0.202407110857/tools/bin/../lib/gcc/arm-none-eabi/13.2.1/../../../../arm-none-eabi/lib/thumb/v6-m/nofp\libcr_nohost_nf.a(__sys_seek.o)
 .debug_abbrev  0x00004e33       0x76 C:/nxp/MCUXpressoIDE_24.9.25/ide/plugins/com.nxp.mcuxpresso.tools.win32_24.9.0.202407110857/tools/bin/../lib/gcc/arm-none-eabi/13.2.1/../../../../arm-none-eabi/lib/thumb/v6-m/nofp\libcr_nohost_nf.a(__sys_tmpnam.o)
 .debug_abbrev  0x00004ea9       0x76 C:/nxp/MCUXpressoIDE_24.9.25/ide/plugins/com.nxp.mcuxpresso.tools.win32_24.9.0.202407110857/tools/bin/../lib/gcc/arm-none-eabi/13.2.1/../../../../arm-none-eabi/lib/thumb/v6-m/nofp\libcr_nohost_nf.a(__sys_write.o)

.debug_aranges  0x00000000     0x1280
 .debug_aranges
                0x00000000       0x78 ./utilities/fsl_debug_console.o
 .debug_aranges
                0x00000078       0x40 ./utilities/fsl_str.o
 .debug_aranges
                0x000000b8      0x1f8 ./startup/startup_mkl28z7.o
 .debug_aranges
                0x000002b0       0x28 ./source/delay/delay.o
 .debug_aranges
                0x000002d8       0x40 ./source/MKL28Z7_Project.o
 .debug_aranges
                0x00000318       0x60 ./source/ModuleDEL.o
 .debug_aranges
                0x00000378       0xb8 ./source/ModuleLCD.o
 .debug_aranges
                0x00000430       0x58 ./source/ModuleTemperature.o
 .debug_aranges
                0x00000488       0x40 ./source/ModuleVentilateur.o
 .debug_aranges
                0x000004c8       0xc0 ./source/bmp280.o
 .debug_aranges
                0x00000588       0x18 ./source/mtb.o
 .debug_aranges
                0x000005a0       0x20 ./source/semihost_hardfault.o
 .debug_aranges
                0x000005c0      0x120 ./drivers/fsl_clock.o
 .debug_aranges
                0x000006e0      0x1d0 ./drivers/fsl_lpi2c.o
 .debug_aranges
                0x000008b0      0x130 ./drivers/fsl_lpuart.o
 .debug_aranges
                0x000009e0       0xa0 ./drivers/fsl_smc.o
 .debug_aranges
                0x00000a80       0x30 ./device/system_MKL28Z7.o
 .debug_aranges
                0x00000ab0       0x40 ./component/uart/lpuart_adapter.o
 .debug_aranges
                0x00000af0       0x88 ./component/serial_manager/serial_manager.o
 .debug_aranges
                0x00000b78       0x38 ./component/serial_manager/serial_port_uart.o
 .debug_aranges
                0x00000bb0       0x28 ./board/board.o
 .debug_aranges
                0x00000bd8       0x78 ./board/clock_config.o
 .debug_aranges
                0x00000c50       0x20 ./board/peripherals.o
 .debug_aranges
                0x00000c70       0x88 ./board/pin_mux.o
 .debug_aranges
                0x00000cf8       0x20 C:/nxp/MCUXpressoIDE_24.9.25/ide/plugins/com.nxp.mcuxpresso.tools.win32_24.9.0.202407110857/tools/bin/../lib/gcc/arm-none-eabi/13.2.1/../../../../arm-none-eabi/lib/thumb/v6-m/nofp\libcr_nohost_nf.a(_cr__main.o)
 .debug_aranges
                0x00000d18       0x20 C:/nxp/MCUXpressoIDE_24.9.25/ide/plugins/com.nxp.mcuxpresso.tools.win32_24.9.0.202407110857/tools/bin/../lib/gcc/arm-none-eabi/13.2.1/../../../../arm-none-eabi/lib/thumb/v6-m/nofp\libcr_nohost_nf.a(_cr_assert.o)
 .debug_aranges
                0x00000d38       0x18 C:/nxp/MCUXpressoIDE_24.9.25/ide/plugins/com.nxp.mcuxpresso.tools.win32_24.9.0.202407110857/tools/bin/../lib/gcc/arm-none-eabi/13.2.1/../../../../arm-none-eabi/lib/thumb/v6-m/nofp\libcr_nohost_nf.a(__ciob.o)
 .debug_aranges
                0x00000d50       0x20 C:/nxp/MCUXpressoIDE_24.9.25/ide/plugins/com.nxp.mcuxpresso.tools.win32_24.9.0.202407110857/tools/bin/../lib/gcc/arm-none-eabi/13.2.1/../../../../arm-none-eabi/lib/thumb/v6-m/nofp\libcr_nohost_nf.a(__sys_appexit.o)
 .debug_aranges
                0x00000d70       0x20 C:/nxp/MCUXpressoIDE_24.9.25/ide/plugins/com.nxp.mcuxpresso.tools.win32_24.9.0.202407110857/tools/bin/../lib/gcc/arm-none-eabi/13.2.1/../../../../arm-none-eabi/lib/thumb/v6-m/nofp\libcr_c.a(memcpy.o)
 .debug_aranges
                0x00000d90       0x20 C:/nxp/MCUXpressoIDE_24.9.25/ide/plugins/com.nxp.mcuxpresso.tools.win32_24.9.0.202407110857/tools/bin/../lib/gcc/arm-none-eabi/13.2.1/../../../../arm-none-eabi/lib/thumb/v6-m/nofp\libcr_c.a(memset.o)
 .debug_aranges
                0x00000db0       0x28 C:/nxp/MCUXpressoIDE_24.9.25/ide/plugins/com.nxp.mcuxpresso.tools.win32_24.9.0.202407110857/tools/bin/../lib/gcc/arm-none-eabi/13.2.1/../../../../arm-none-eabi/lib/thumb/v6-m/nofp\libcr_c.a(_deferredlazyseek.o)
 .debug_aranges
                0x00000dd8       0x20 C:/nxp/MCUXpressoIDE_24.9.25/ide/plugins/com.nxp.mcuxpresso.tools.win32_24.9.0.202407110857/tools/bin/../lib/gcc/arm-none-eabi/13.2.1/../../../../arm-none-eabi/lib/thumb/v6-m/nofp\libcr_c.a(_fflush.o)
 .debug_aranges
                0x00000df8       0x20 C:/nxp/MCUXpressoIDE_24.9.25/ide/plugins/com.nxp.mcuxpresso.tools.win32_24.9.0.202407110857/tools/bin/../lib/gcc/arm-none-eabi/13.2.1/../../../../arm-none-eabi/lib/thumb/v6-m/nofp\libcr_c.a(_writebuf.o)
 .debug_aranges
                0x00000e18       0x40 C:/nxp/MCUXpressoIDE_24.9.25/ide/plugins/com.nxp.mcuxpresso.tools.win32_24.9.0.202407110857/tools/bin/../lib/gcc/arm-none-eabi/13.2.1/../../../../arm-none-eabi/lib/thumb/v6-m/nofp\libcr_c.a(alloc.o)
 .debug_aranges
                0x00000e58       0x20 C:/nxp/MCUXpressoIDE_24.9.25/ide/plugins/com.nxp.mcuxpresso.tools.win32_24.9.0.202407110857/tools/bin/../lib/gcc/arm-none-eabi/13.2.1/../../../../arm-none-eabi/lib/thumb/v6-m/nofp\libcr_c.a(fputs.o)
 .debug_aranges
                0x00000e78       0x20 C:/nxp/MCUXpressoIDE_24.9.25/ide/plugins/com.nxp.mcuxpresso.tools.win32_24.9.0.202407110857/tools/bin/../lib/gcc/arm-none-eabi/13.2.1/../../../../arm-none-eabi/lib/thumb/v6-m/nofp\libcr_c.a(fseek.o)
 .debug_aranges
                0x00000e98       0x20 C:/nxp/MCUXpressoIDE_24.9.25/ide/plugins/com.nxp.mcuxpresso.tools.win32_24.9.0.202407110857/tools/bin/../lib/gcc/arm-none-eabi/13.2.1/../../../../arm-none-eabi/lib/thumb/v6-m/nofp\libcr_c.a(ftell.o)
 .debug_aranges
                0x00000eb8       0x28 C:/nxp/MCUXpressoIDE_24.9.25/ide/plugins/com.nxp.mcuxpresso.tools.win32_24.9.0.202407110857/tools/bin/../lib/gcc/arm-none-eabi/13.2.1/../../../../arm-none-eabi/lib/thumb/v6-m/nofp\libcr_c.a(initio.o)
 .debug_aranges
                0x00000ee0       0x20 C:/nxp/MCUXpressoIDE_24.9.25/ide/plugins/com.nxp.mcuxpresso.tools.win32_24.9.0.202407110857/tools/bin/../lib/gcc/arm-none-eabi/13.2.1/../../../../arm-none-eabi/lib/thumb/v6-m/nofp\libcr_c.a(modf.o)
 .debug_aranges
                0x00000f00       0x20 C:/nxp/MCUXpressoIDE_24.9.25/ide/plugins/com.nxp.mcuxpresso.tools.win32_24.9.0.202407110857/tools/bin/../lib/gcc/arm-none-eabi/13.2.1/../../../../arm-none-eabi/lib/thumb/v6-m/nofp\libcr_c.a(pow.o)
 .debug_aranges