../drivers/fsl_clock.h:639:20:CLOCK_EnableClock	16	static
../drivers/fsl_clock.h:651:20:CLOCK_DisableClock	16	static
../drivers/fsl_clock.h:682:20:CLOCK_SetIpSrc	24	static
../drivers/fsl_clock.h:713:20:CLOCK_SetIpSrcDiv	32	static
../drivers/fsl_clock.h:878:20:CLOCK_GetCurSysClkConfig	16	static
../drivers/fsl_clock.c:107:10:CLOCK_GetErClkFreq	8	static
../drivers/fsl_clock.c:126:10:CLOCK_GetOsc32kClkFreq	8	static
../drivers/fsl_clock.c:136:10:CLOCK_GetFlashClkFreq	8	static
../drivers/fsl_clock.c:146:10:CLOCK_GetBusClkFreq	8	static
../drivers/fsl_clock.c:156:10:CLOCK_GetPlatClkFreq	8	static
../drivers/fsl_clock.c:166:10:CLOCK_GetCoreSysClkFreq	8	static
../drivers/fsl_clock.c:180:10:CLOCK_GetFreq	24	static
../drivers/fsl_clock.c:267:10:CLOCK_GetIpFreq	32	static
../drivers/fsl_clock.c:322:6:CLOCK_EnableUsbfs0Clock	24	static
../drivers/fsl_clock.c:368:10:CLOCK_GetSysClkFreq	24	static
../drivers/fsl_clock.c:422:10:CLOCK_InitSysOsc	32	static
../drivers/fsl_clock.c:494:10:CLOCK_DeinitSysOsc	16	static
../drivers/fsl_clock.c:520:10:CLOCK_GetSysOscFreq	8	static
../drivers/fsl_clock.c:540:10:CLOCK_GetSysOscAsyncFreq	24	static
../drivers/fsl_clock.c:587:10:CLOCK_InitSirc	24	static
../drivers/fsl_clock.c:631:10:CLOCK_DeinitSirc	16	static
../drivers/fsl_clock.c:657:10:CLOCK_GetSircFreq	8	static
../drivers/fsl_clock.c:677:10:CLOCK_GetSircAsyncFreq	24	static
../drivers/fsl_clock.c:723:10:CLOCK_InitFirc	24	static
../drivers/fsl_clock.c:789:10:CLOCK_DeinitFirc	16	static
../drivers/fsl_clock.c:815:10:CLOCK_GetFircFreq	8	static
../drivers/fsl_clock.c:837:10:CLOCK_GetFircAsyncFreq	24	static
../drivers/fsl_clock.c:885:10:CLOCK_GetSysPllMultDiv	56	static
../drivers/fsl_clock.c:1021:10:CLOCK_InitSysPll	24	static
../drivers/fsl_clock.c:1069:10:CLOCK_DeinitSysPll	16	static
../drivers/fsl_clock.c:1091:17:CLOCK_GetSysPllCommonFreq	16	static
../drivers/fsl_clock.c:1118:10:CLOCK_GetSysPllFreq	16	static
../drivers/fsl_clock.c:1140:10:CLOCK_GetSysPllAsyncFreq	24	static
