../source/bmp280.c:127:8:bmp280_get_regs	48	static
../source/bmp280.c:158:8:bmp280_set_regs	56	static
../source/bmp280.c:223:8:bmp280_soft_reset	40	static
../source/bmp280.c:245:8:bmp280_init	32	static
../source/bmp280.c:301:8:bmp280_get_config	40	static
../source/bmp280.c:333:8:bmp280_set_config	16	static
../source/bmp280.c:341:8:bmp280_get_status	32	static
../source/bmp280.c:364:8:bmp280_get_power_mode	32	static
../source/bmp280.c:386:8:bmp280_set_power_mode	32	static
../source/bmp280.c:403:8:bmp280_get_uncomp_data	40	static
../source/bmp280.c:437:8:bmp280_get_comp_temp_32bit	48	static
../source/bmp280.c:470:8:bmp280_get_comp_pres_32bit	48	static
../source/bmp280.c:522:8:bmp280_get_comp_pres_64bit	248	static
../source/bmp280.c:565:8:bmp280_get_comp_temp_double	72	static
../source/bmp280.c:595:8:bmp280_get_comp_pres_double	72	static
../source/bmp280.c:635:9:bmp280_compute_meas_time	56	static
../source/bmp280.c:663:15:null_ptr_check	24	static
../source/bmp280.c:684:13:interleave_data	32	static
../source/bmp280.c:699:15:get_calib_param	64	static
../source/bmp280.c:743:15:conf_sensor	48	static
../source/bmp280.c:791:15:st_check_boundaries	24	static
