C:\Users\mlabe\Documents\MCUXpressoIDE_24.9.25\workspace\MKL28Z7_Project\drivers/fsl_clock.h:639:20:CLOCK_EnableClock	16	static
C:\Users\mlabe\Documents\MCUXpressoIDE_24.9.25\workspace\MKL28Z7_Project\drivers/fsl_port.h:346:20:PORT_SetPinMux	24	static
../source/LiquidCrystal_I2C.c:13:6:initLPI2C	40	static
../source/LiquidCrystal_I2C.c:31:6:initLCD	8	static
../source/LiquidCrystal_I2C.c:92:6:clear	8	static
../source/LiquidCrystal_I2C.c:97:6:home	8	static
../source/LiquidCrystal_I2C.c:102:6:setCursor	40	static
../source/LiquidCrystal_I2C.c:109:6:display	8	static
../source/LiquidCrystal_I2C.c:114:6:noBacklight	8	static
../source/LiquidCrystal_I2C.c:119:6:backlight	8	static
../source/LiquidCrystal_I2C.c:123:9:getBacklight	8	static
../source/LiquidCrystal_I2C.c:130:6:command	16	static
../source/LiquidCrystal_I2C.c:134:5:write	16	static
../source/LiquidCrystal_I2C.c:143:6:send	32	static
../source/LiquidCrystal_I2C.c:150:6:write4bits	16	static
../source/LiquidCrystal_I2C.c:155:10:expanderWrite	56	static
../source/LiquidCrystal_I2C.c:195:6:pulseEnable	16	static
../source/LiquidCrystal_I2C.c:203:9:print	16	static
../source/LiquidCrystal_I2C.c:209:5:printString	24	static
