C:\Users\mlabe\Documents\MCUXpressoIDE_24.9.25\workspace\MKL28Z7_Project\drivers/fsl_clock.h:639:20:CLOCK_EnableClock	16	static
C:\Users\mlabe\Documents\MCUXpressoIDE_24.9.25\workspace\MKL28Z7_Project\drivers/fsl_port.h:346:20:PORT_SetPinMux	24	static
../source/ModuleLCD.c:14:6:initLPI2C0	40	static
../source/ModuleLCD.c:33:6:initLCD	8	static
../source/ModuleLCD.c:99:6:ecrireTemp	40	static
../source/ModuleLCD.c:128:6:clear	8	static
../source/ModuleLCD.c:134:6:home	8	static
../source/ModuleLCD.c:140:6:setCursor	24	static
../source/ModuleLCD.c:149:6:display	8	static
../source/ModuleLCD.c:155:6:noBacklight	8	static
../source/ModuleLCD.c:161:6:backlight	8	static
../source/ModuleLCD.c:167:9:getBacklight	8	static
../source/ModuleLCD.c:172:6:command	16	static
../source/ModuleLCD.c:177:5:write	16	static
../source/ModuleLCD.c:183:6:send	32	static
../source/ModuleLCD.c:190:6:write4bits	16	static
../source/ModuleLCD.c:196:10:expanderWrite	56	static
../source/ModuleLCD.c:235:6:pulseEnable	16	static
../source/ModuleLCD.c:245:9:print	16	static
../source/ModuleLCD.c:252:5:printString	24	static
