../startup/startup_mkl28z7.c:295:6:data_init	8	static
../startup/startup_mkl28z7.c:304:6:bss_init	0	static
../startup/startup_mkl28z7.c:329:6:ResetISR	8	static
../startup/startup_mkl28z7.c:417:14:NMI_Handler	0	static
../startup/startup_mkl28z7.c:421:14:HardFault_Handler	0	static
../startup/startup_mkl28z7.c:425:14:SVC_Handler	0	static
../startup/startup_mkl28z7.c:429:14:PendSV_Handler	0	static
../startup/startup_mkl28z7.c:433:14:SysTick_Handler	0	static
../startup/startup_mkl28z7.c:441:14:IntDefaultHandler	0	static
../startup/startup_mkl28z7.c:451:14:DMA0_04_IRQHandler	8	static
../startup/startup_mkl28z7.c:455:14:DMA0_15_IRQHandler	8	static
../startup/startup_mkl28z7.c:459:14:DMA0_26_IRQHandler	8	static
../startup/startup_mkl28z7.c:463:14:DMA0_37_IRQHandler	8	static
../startup/startup_mkl28z7.c:467:14:CTI0_DMA0_Error_IRQHandler	8	static
../startup/startup_mkl28z7.c:471:14:FLEXIO0_IRQHandler	8	static
../startup/startup_mkl28z7.c:475:14:TPM0_IRQHandler	8	static
../startup/startup_mkl28z7.c:479:14:TPM1_IRQHandler	8	static
../startup/startup_mkl28z7.c:483:14:TPM2_IRQHandler	8	static
../startup/startup_mkl28z7.c:487:14:LPIT0_IRQHandler	8	static
../startup/startup_mkl28z7.c:491:14:LPSPI0_IRQHandler	8	static
../startup/startup_mkl28z7.c:495:14:LPSPI1_IRQHandler	8	static
../startup/startup_mkl28z7.c:499:14:LPUART0_IRQHandler	8	static
../startup/startup_mkl28z7.c:503:14:LPUART1_IRQHandler	8	static
../startup/startup_mkl28z7.c:507:14:LPI2C0_IRQHandler	8	static
../startup/startup_mkl28z7.c:511:14:LPI2C1_IRQHandler	8	static
../startup/startup_mkl28z7.c:515:14:Reserved32_IRQHandler	8	static
../startup/startup_mkl28z7.c:519:14:PORTA_IRQHandler	8	static
../startup/startup_mkl28z7.c:523:14:PORTB_IRQHandler	8	static
../startup/startup_mkl28z7.c:527:14:PORTC_IRQHandler	8	static
../startup/startup_mkl28z7.c:531:14:PORTD_IRQHandler	8	static
../startup/startup_mkl28z7.c:535:14:PORTE_IRQHandler	8	static
../startup/startup_mkl28z7.c:539:14:LLWU0_IRQHandler	8	static
../startup/startup_mkl28z7.c:543:14:I2S0_IRQHandler	8	static
../startup/startup_mkl28z7.c:547:14:USB0_IRQHandler	8	static
../startup/startup_mkl28z7.c:551:14:ADC0_IRQHandler	8	static
../startup/startup_mkl28z7.c:555:14:LPTMR0_IRQHandler	8	static
../startup/startup_mkl28z7.c:559:14:RTC_Seconds_IRQHandler	8	static
../startup/startup_mkl28z7.c:563:14:INTMUX0_0_IRQHandler	8	static
../startup/startup_mkl28z7.c:567:14:INTMUX0_1_IRQHandler	8	static
../startup/startup_mkl28z7.c:571:14:INTMUX0_2_IRQHandler	8	static
../startup/startup_mkl28z7.c:575:14:INTMUX0_3_IRQHandler	8	static
../startup/startup_mkl28z7.c:579:14:LPTMR1_IRQHandler	8	static
../startup/startup_mkl28z7.c:583:14:Reserved49_IRQHandler	8	static
../startup/startup_mkl28z7.c:587:14:Reserved50_IRQHandler	8	static
../startup/startup_mkl28z7.c:591:14:Reserved51_IRQHandler	8	static
../startup/startup_mkl28z7.c:595:14:LPSPI2_IRQHandler	8	static
../startup/startup_mkl28z7.c:599:14:LPUART2_IRQHandler	8	static
../startup/startup_mkl28z7.c:603:14:EMVSIM0_IRQHandler	8	static
../startup/startup_mkl28z7.c:607:14:LPI2C2_IRQHandler	8	static
../startup/startup_mkl28z7.c:611:14:TSI0_IRQHandler	8	static
../startup/startup_mkl28z7.c:615:14:PMC_IRQHandler	8	static
../startup/startup_mkl28z7.c:619:14:FTFA_IRQHandler	8	static
../startup/startup_mkl28z7.c:623:14:SCG_IRQHandler	8	static
../startup/startup_mkl28z7.c:627:14:WDOG0_IRQHandler	8	static
../startup/startup_mkl28z7.c:631:14:DAC0_IRQHandler	8	static
../startup/startup_mkl28z7.c:635:14:TRNG_IRQHandler	8	static
../startup/startup_mkl28z7.c:639:14:RCM_IRQHandler	8	static
../startup/startup_mkl28z7.c:643:14:CMP0_IRQHandler	8	static
../startup/startup_mkl28z7.c:647:14:CMP1_IRQHandler	8	static
../startup/startup_mkl28z7.c:651:14:RTC_IRQHandler	8	static
